$ git remote -v
origin  git@github.com:KaiquanMah/tuni-hello-git.git (fetch)
origin  git@github.com:KaiquanMah/tuni-hello-git.git (push)
tuni    https://course-gitlab.tuni.fi/git-course/basics-materials.git (fetch)
tuni    https://course-gitlab.tuni.fi/git-course/basics-materials.git (push)

$ git remote add tuni2 https://course-gitlab.tuni.fi/git-course/intermediate-branches.git
$ git remote -v
origin  git@github.com:KaiquanMah/tuni-hello-git.git (fetch)
origin  git@github.com:KaiquanMah/tuni-hello-git.git (push)
tuni    https://course-gitlab.tuni.fi/git-course/basics-materials.git (fetch)
tuni    https://course-gitlab.tuni.fi/git-course/basics-materials.git (push)
tuni2   https://course-gitlab.tuni.fi/git-course/intermediate-branches.git (fetch)
tuni2   https://course-gitlab.tuni.fi/git-course/intermediate-branches.git (push)



$ git branch
* main

$ git pull tuni2 master
From https://course-gitlab.tuni.fi/git-course/intermediate-branches
 * branch            master     -> FETCH_HEAD
fatal: refusing to merge unrelated histories

$ git merge origin --allow-unrelated-histories
Already up to date.






file did not come in from tuni2 remote repo
$ ls
basics/  basics_hello_world.py  ignore.txt  README.md
$ git branch -r
  origin/HEAD -> origin/main
  origin/main
  tuni/master
  tuni2/master

$ git branch -D tuni/master
error: branch 'tuni/master' not found.
Did you forget --remote?


Delete Remote Tracking Branches
$ git branch -dr tuni/master
Deleted remote-tracking branch tuni/master (was dd2979f).
$ git branch -dr tuni2/master
Deleted remote-tracking branch tuni2/master (was 9bb7a50).
$ git branch -r
  origin/HEAD -> origin/main
  origin/main



Fetch then pull from remote repo tuni2 again
git fetch tuni2


