git reflog
https://git-scm.com/docs/git-reflog
https://git-scm.com/docs/git-log
https://git-scm.com/docs/git-merge




show for 'main' branch
kaiqu@kai-aftershock MINGW64 ~/Downloads/TUNI Git/tuni trg/tuni-git-intermediate3 (main)
$ git reflog
1d7946d (HEAD -> main, origin/main) HEAD@{0}: commit (merge): Fix merge conflicts
1532328 HEAD@{1}: commit (merge): Fix merge conflicts
bc1b722 HEAD@{2}: checkout: moving from main to main
bc1b722 HEAD@{3}: commit (merge): Merge branch 'feature/add-logging'
7467db6 HEAD@{4}: checkout: moving from main to main
7467db6 HEAD@{5}: checkout: moving from release to main
f676cab (origin/release, release) HEAD@{6}: commit: Add release message to hello_world.py
3215e2f (origin/feature/create-awesome, feature/create-awesome) HEAD@{7}: checkout: moving from feature/create-awesome to release
3215e2f (origin/feature/create-awesome, feature/create-awesome) HEAD@{8}: commit: Add feature message to hello_world.py
7467db6 HEAD@{9}: checkout: moving from main to feature/create-awesome
7467db6 HEAD@{10}: reset: moving to origin/main
1b028f4 HEAD@{11}: Branch: renamed refs/heads/release to refs/heads/main
1b028f4 HEAD@{13}: checkout: moving from release to release
1b028f4 HEAD@{14}: commit (merge): Resolve merge conflict in hello_world.py
f090317 HEAD@{15}: commit: Update hello_world.py in release branch
d65df32 HEAD@{16}: checkout: moving from feature/create-awesome to release
768ad5a HEAD@{17}: merge origin/feature/create-awesome: Merge made by the 'ort' strategy.
ac7e600 HEAD@{18}: commit: Update hello_world.py in feature branch
7425c03 HEAD@{19}: checkout: moving from main to feature/create-awesome
5a65ea4 HEAD@{20}: reset: moving to HEAD
5a65ea4 HEAD@{21}: commit: commit main
d65df32 HEAD@{22}: checkout: moving from master to main
6720ed4 HEAD@{23}: checkout: moving from main to master
d65df32 HEAD@{24}: checkout: moving from release to main
d65df32 HEAD@{25}: commit: Add release message to hello_world.py
7425c03 HEAD@{26}: checkout: moving from feature/create-awesome to release
7425c03 HEAD@{27}: commit: Add feature message to hello_world.py
6720ed4 HEAD@{28}: checkout: moving from master to feature/create-awesome
6720ed4 HEAD@{29}: commit (initial): clone initial working









show for ALL branches
kaiqu@kai-aftershock MINGW64 ~/Downloads/TUNI Git/tuni trg/tuni-git-intermediate3 (main)
$ git reflog --all
1d7946d (HEAD -> main, origin/main) refs/remotes/origin/main@{0}: update by push
1d7946d (HEAD -> main, origin/main) refs/heads/main@{0}: commit (merge): Fix merge conflicts
1d7946d (HEAD -> main, origin/main) HEAD@{0}: commit (merge): Fix merge conflicts
1532328 refs/remotes/origin/main@{1}: update by push
1532328 refs/heads/main@{1}: commit (merge): Fix merge conflicts
1532328 HEAD@{1}: commit (merge): Fix merge conflicts
bc1b722 HEAD@{2}: checkout: moving from main to main
4b979ae (upstream2/feature/modify-print) refs/remotes/upstream2/feature/modify-print@{0}: fetch upstream2: storing head
380b3e6 (upstream2/master) refs/remotes/upstream2/master@{0}: fetch upstream2: storing head
bc1b722 refs/remotes/origin/main@{2}: update by push
bc1b722 refs/heads/main@{2}: commit (merge): Merge branch 'feature/add-logging'
bc1b722 HEAD@{3}: commit (merge): Merge branch 'feature/add-logging'
7467db6 HEAD@{4}: checkout: moving from main to main
d67b3c0 (upstream/feature/add-logging) refs/remotes/upstream/feature/add-logging@{0}: fetch upstream: storing head
4de21ca (upstream/feature/create-awesome) refs/remotes/upstream/feature/create-awesome@{0}: fetch upstream: storing head
b23547b (upstream/master) refs/remotes/upstream/master@{0}: fetch upstream: storing head
7467db6 HEAD@{5}: checkout: moving from release to main
f676cab (origin/release, release) refs/remotes/origin/release@{0}: update by push
f676cab (origin/release, release) refs/heads/release@{0}: commit: Add release message to hello_world.py
f676cab (origin/release, release) HEAD@{6}: commit: Add release message to hello_world.py
3215e2f (origin/feature/create-awesome, feature/create-awesome) refs/heads/release@{1}: branch: Created from feature/create-awesome
3215e2f (origin/feature/create-awesome, feature/create-awesome) HEAD@{7}: ch
eckout: moving from feature/create-awesome to release
3215e2f (origin/feature/create-awesome, feature/create-awesome) refs/remotes/origin/feature/create-awesome@{0}: update by push
3215e2f (origin/feature/create-awesome, feature/create-awesome) refs/heads/feature/create-awesome@{0}: commit: Add feature message to hello_world.py
3215e2f (origin/feature/create-awesome, feature/create-awesome) HEAD@{8}: commit: Add feature message to hello_world.py
7467db6 refs/heads/feature/create-awesome@{1}: branch: Created from main
7467db6 HEAD@{9}: checkout: moving from main to feature/create-awesome
7467db6 refs/heads/main@{3}: reset: moving to origin/main
7467db6 HEAD@{10}: reset: moving to origin/main
7467db6 refs/remotes/origin/main@{3}: pull origin main: fast-forward
1b028f4 refs/remotes/origin/main@{4}: update by push
1b028f4 refs/heads/main@{4}: Branch: renamed refs/heads/release to refs/head
s/main
1b028f4 HEAD@{11}: Branch: renamed refs/heads/release to refs/heads/main
1b028f4 HEAD@{13}: checkout: moving from release to release
1b028f4 refs/heads/main@{5}: commit (merge): Resolve merge conflict in hello_world.py
1b028f4 HEAD@{14}: commit (merge): Resolve merge conflict in hello_world.py
f090317 refs/heads/main@{6}: commit: Update hello_world.py in release branch
f090317 HEAD@{15}: commit: Update hello_world.py in release branch
d65df32 HEAD@{16}: checkout: moving from feature/create-awesome to release
768ad5a HEAD@{17}: merge origin/feature/create-awesome: Merge made by the 'ort' strategy.
ac7e600 HEAD@{18}: commit: Update hello_world.py in feature branch
7425c03 HEAD@{19}: checkout: moving from main to feature/create-awesome
5a65ea4 HEAD@{20}: reset: moving to HEAD
5a65ea4 HEAD@{21}: commit: commit main
d65df32 HEAD@{22}: checkout: moving from master to main
6720ed4 HEAD@{23}: checkout: moving from main to master
d65df32 HEAD@{24}: checkout: moving from release to main
d65df32 refs/heads/main@{7}: commit: Add release message to hello_world.py
d65df32 HEAD@{25}: commit: Add release message to hello_world.py
7425c03 refs/heads/main@{8}: branch: Created from feature/create-awesome
7425c03 HEAD@{26}: checkout: moving from feature/create-awesome to release
7425c03 HEAD@{27}: commit: Add feature message to hello_world.py
6720ed4 HEAD@{28}: checkout: moving from master to feature/create-awesome
6720ed4 HEAD@{29}: commit (initial): clone initial working









show for 'release' branch
kaiqu@kai-aftershock MINGW64 ~/Downloads/TUNI Git/tuni trg/tuni-git-intermediate3 (main)
$ git reflog release
f676cab (origin/release, release) release@{0}: commit: Add release message to hello_world.py
3215e2f (origin/feature/create-awesome, feature/create-awesome) release@{1}: branch: Created from feature/create-awesome





'git reflog stash' gives an error if git stash has not been used
HERE
kaiqu@kai-aftershock MINGW64 ~/Downloads/TUNI Git/tuni trg/tuni-git-intermediate3 (main)
$ git reflog stash
fatal: ambiguous argument 'stash': unknown revision or path not in the working tree.
Use '--' to separate paths from revisions, like this:
'git <command> [<revision>...] -- [<file>...]'





reflog for 'main' branch since 1 day ago
OR
1 hour ago
kaiqu@kai-aftershock MINGW64 ~/Downloads/TUNI Git/tuni trg/tuni-git-intermediate3 (main)
$ git reflog main@{1.day.ago}
warning: log for 'main' only goes back to Sun, 2 Feb 2025 17:23:09 +0800

kaiqu@kai-aftershock MINGW64 ~/Downloads/TUNI Git/tuni trg/tuni-git-intermediate3 (main)
$ git reflog main@{1.hour.ago}
bc1b722 main@{Sun Feb 2 18:57:24 2025 +0800}: commit (merge): Merge branch 'feature/add-logging'
7467db6 main@{Sun Feb 2 17:59:01 2025 +0800}: reset: moving to origin/main
1b028f4 main@{Sun Feb 2 17:56:56 2025 +0800}: Branch: renamed refs/heads/release to refs/heads/main
1b028f4 main@{Sun Feb 2 17:44:14 2025 +0800}: commit (merge): Resolve merge conflict in hello_world.py
f090317 main@{Sun Feb 2 17:42:06 2025 +0800}: commit: Update hello_world.py in release branch
d65df32 main@{Sun Feb 2 17:23:38 2025 +0800}: commit: Add release message to hello_world.py
7425c03 main@{Sun Feb 2 17:23:09 2025 +0800}: branch: Created from feature/create-awesome

===========


Exercise 4.9.1
Advanced exercises - Rebase

Initializing a repository
Create a NEW repository for yourself
Add a new remote repository for your repository https://course-gitlab.tuni.fi/git-course/advanced-rebase.git
Fetch the history from the remote repository and merge it to yours. You might have to use --allow-unrelated-histories flag
Attention

Automated tests verify that your log history is only two commits long. You’ll have to create a new repository in order to pass the tests.

Exercise
Repository contains two branches main and devel. Developers have barely been able to keep main nice and clean but devel is starting to look pretty horrible. As you might have guessed your job is to clean up the history in devel. Because the changes are pretty small you’ll want to have them in a single commit with message Add prints. You must be able to add these changes to main by fast-forwarding. In the end your main must have all the changes made in devel and the history must be two commits long.





Check branches
kaiqu@kai-aftershock MINGW64 ~/Downloads/TUNI Git/tuni trg/tuni-git-intermediate3 (main)
$ git branch -r
  origin/feature/create-awesome
  origin/main
  origin/release
  upstream/feature/add-logging
  upstream/feature/create-awesome
  upstream/master
  upstream2/feature/modify-print
  upstream2/master





Remove upstream, upstream2, origin remote repositories, so we can start the new exercise
kaiqu@kai-aftershock MINGW64 ~/Downloads/TUNI Git/tuni trg/tuni-git-intermediate3 (main)
$ git remote remove upstream

kaiqu@kai-aftershock MINGW64 ~/Downloads/TUNI Git/tuni trg/tuni-git-intermediate3 (main)
$ git remote remove upstream2

kaiqu@kai-aftershock MINGW64 ~/Downloads/TUNI Git/tuni trg/tuni-git-intermediate3 (main)
$ git remote remove origin

kaiqu@kai-aftershock MINGW64 ~/Downloads/TUNI Git/tuni trg/tuni-git-intermediate3 (main)
$ git branch -r

kaiqu@kai-aftershock MINGW64 ~/Downloads/TUNI Git/tuni trg/tuni-git-intermediate3 (main)
$ cd ..





create new 'tuni-git-adv' folder for our new exercise
kaiqu@kai-aftershock MINGW64 ~/Downloads/TUNI Git/tuni trg (release)
$ mkdir tuni-git-adv

kaiqu@kai-aftershock MINGW64 ~/Downloads/TUNI Git/tuni trg (release)
$ cd tuni-git-adv

kaiqu@kai-aftershock MINGW64 ~/Downloads/TUNI Git/tuni trg/tuni-git-adv (release)
$ pwd
/c/Users/kaiqu/Downloads/TUNI Git/tuni trg/tuni-git-adv

kaiqu@kai-aftershock MINGW64 ~/Downloads/TUNI Git/tuni trg/tuni-git-adv (release)
$ ls




somehow Git recognises some other git remote repos (maybe from a prevous exercise)
kaiqu@kai-aftershock MINGW64 ~/Downloads/TUNI Git/tuni trg/tuni-git-adv (release)
$ git remote add origin https://github.com/KaiquanMah/tuni-git-adv.git
error: remote origin already exists.

kaiqu@kai-aftershock MINGW64 ~/Downloads/TUNI Git/tuni trg/tuni-git-adv (release)
$ git branch -r
  origin/feature/create-awesome
  origin/main
  origin/release
  tuni/master

we try to remove these old remote repos from a previous exercise
kaiqu@kai-aftershock MINGW64 ~/Downloads/TUNI Git/tuni trg/tuni-git-adv (release)
$ git remote remove origin

kaiqu@kai-aftershock MINGW64 ~/Downloads/TUNI Git/tuni trg/tuni-git-adv (release)
$ git remote remove tuni


sanity check remote repo branches
kaiqu@kai-aftershock MINGW64 ~/Downloads/TUNI Git/tuni trg/tuni-git-adv (release)
$ git branch -r




then add our new remote repos for the exercise
kaiqu@kai-aftershock MINGW64 ~/Downloads/TUNI Git/tuni trg/tuni-git-adv (release)
$ git remote add origin https://github.com/KaiquanMah/tuni-git-adv.git

kaiqu@kai-aftershock MINGW64 ~/Downloads/TUNI Git/tuni trg/tuni-git-adv (release)
$ git remote -v
origin  https://github.com/KaiquanMah/tuni-git-adv.git (fetch)
origin  https://github.com/KaiquanMah/tuni-git-adv.git (push)

kaiqu@kai-aftershock MINGW64 ~/Downloads/TUNI Git/tuni trg/tuni-git-adv (release)
$ git remote add upstream https://course-gitlab.tuni.fi/git-course/advanced-rebase.git

kaiqu@kai-aftershock MINGW64 ~/Downloads/TUNI Git/tuni trg/tuni-git-adv (release)
$ git remote -v
origin  https://github.com/KaiquanMah/tuni-git-adv.git (fetch)
origin  https://github.com/KaiquanMah/tuni-git-adv.git (push)
upstream        https://course-gitlab.tuni.fi/git-course/advanced-rebase.git (fetch)
upstream        https://course-gitlab.tuni.fi/git-course/advanced-rebase.git (push)






fetch branches from TUNI Git repo as the base
kaiqu@kai-aftershock MINGW64 ~/Downloads/TUNI Git/tuni trg/tuni-git-adv (release)
$ git fetch upstream
remote: Enumerating objects: 21, done.
remote: Total 21 (delta 0), reused 0 (delta 0), pack-reused 21 (from 1)
Unpacking objects: 100% (21/21), 1.57 KiB | 27.00 KiB/s, done.
From https://course-gitlab.tuni.fi/git-course/advanced-rebase
 * [new branch]      devel      -> upstream/devel
 * [new branch]      master     -> upstream/master

kaiqu@kai-aftershock MINGW64 ~/Downloads/TUNI Git/tuni trg/tuni-git-adv (release)
$ git branch -r
  upstream/devel
  upstream/master



'upstream/master' is the branch, instead of 'upstream/main' which we expected from exercise instructions
kaiqu@kai-aftershock MINGW64 ~/Downloads/TUNI Git/tuni trg/tuni-git-adv (release)
$ git merge upstream/main --allow-unrelated-histories
merge: upstream/main - not something we can merge

kaiqu@kai-aftershock MINGW64 ~/Downloads/TUNI Git/tuni trg/tuni-git-adv (release)
$ git merge upstream/master --allow-unrelated-histories
Auto-merging hello_world.py
CONFLICT (add/add): Merge conflict in hello_world.py
Automatic merge failed; fix conflicts and then commit the result.


somehow folder is empty
kaiqu@kai-aftershock MINGW64 ~/Downloads/TUNI Git/tuni trg/tuni-git-adv (release|MERGING)
$ ls

kaiqu@kai-aftershock MINGW64 ~/Downloads/TUNI Git/tuni trg/tuni-git-adv (release|MERGING)
$ git status
On branch release
You have unmerged paths.
  (fix conflicts and run "git commit")
  (use "git merge --abort" to abort the merge)

Unmerged paths:
  (use "git add <file>..." to mark resolution)
        both added:      ../hello_world.py

Untracked files:
  (use "git add <file>..." to include in what will be committed)
        ../tuni-git-intermediate2/
        ../tuni-git-intermediate3/
        ../tuni-hello-git/

no changes added to commit (use "git add" and/or "git commit -a")

kaiqu@kai-aftershock MINGW64 ~/Downloads/TUNI Git/tuni trg/tuni-git-adv (release|MERGING)
$ cd ../hello_world.py
bash: cd: ../hello_world.py: Not a directory

kaiqu@kai-aftershock MINGW64 ~/Downloads/TUNI Git/tuni trg/tuni-git-adv (release|MERGING)
$ cd ..


we edit the hello_world.py file to get lines from 'upstream/master'
kaiqu@kai-aftershock MINGW64 ~/Downloads/TUNI Git/tuni trg (release|MERGING)
$ nano hello_world.py

then move file to the correct sub-folder
kaiqu@kai-aftershock MINGW64 ~/Downloads/TUNI Git/tuni trg (release|MERGING)
$ mv hello_world.py tuni-git-adv/hello_world.py

kaiqu@kai-aftershock MINGW64 ~/Downloads/TUNI Git/tuni trg (release|MERGING)
$ ls
tuni-git-adv/           tuni-git-intermediate2/  tuni-hello-git/
tuni-git-intermediate/  tuni-git-intermediate3/

kaiqu@kai-aftershock MINGW64 ~/Downloads/TUNI Git/tuni trg (release|MERGING)
$ cd tuni-git-adv/

kaiqu@kai-aftershock MINGW64 ~/Downloads/TUNI Git/tuni trg/tuni-git-adv (release|MERGING)
$ ls
hello_world.py

kaiqu@kai-aftershock MINGW64 ~/Downloads/TUNI Git/tuni trg/tuni-git-adv (release|MERGING)
$ pwd
/c/Users/kaiqu/Downloads/TUNI Git/tuni trg/tuni-git-adv





try adding then commiting the base hello_world.py file to our Git repo 'https://github.com/KaiquanMah/tuni-git-adv.git'
kaiqu@kai-aftershock MINGW64 ~/Downloads/TUNI Git/tuni trg/tuni-git-adv (release|MERGING)
$ git add hello_world.py

kaiqu@kai-aftershock MINGW64 ~/Downloads/TUNI Git/tuni trg/tuni-git-adv (release|MERGING)
$ git commit -m "Resolved merge conflict in hello_world.py"
U       hello_world.py
error: Committing is not possible because you have unmerged files.
hint: Fix them up in the work tree, and then use 'git add/rm <file>'
hint: as appropriate to mark resolution and make a commit.
fatal: Exiting because of an unresolved conflict.

kaiqu@kai-aftershock MINGW64 ~/Downloads/TUNI Git/tuni trg/tuni-git-adv (release|MERGING)
$ git status
On branch release
You have unmerged paths.
  (fix conflicts and run "git commit")
  (use "git merge --abort" to abort the merge)

Changes to be committed:
        new file:   hello_world.py

Unmerged paths:
  (use "git add <file>..." to mark resolution)
        both added:      ../hello_world.py

Untracked files:
  (use "git add <file>..." to include in what will be committed)
        ../tuni-git-intermediate2/
        ../tuni-git-intermediate3/
        ../tuni-hello-git/


kaiqu@kai-aftershock MINGW64 ~/Downloads/TUNI Git/tuni trg/tuni-git-adv (release|MERGING)
$ git branch -r
  upstream/devel
  upstream/master



we had to run 'git init', then add and commit
kaiqu@kai-aftershock MINGW64 ~/Downloads/TUNI Git/tuni trg/tuni-git-adv (release|MERGING)
$ git init
Initialized empty Git repository in C:/Users/kaiqu/Downloads/TUNI Git/tuni trg/tuni-git-adv/.git/

kaiqu@kai-aftershock MINGW64 ~/Downloads/TUNI Git/tuni trg/tuni-git-adv (master)
$ ls
hello_world.py

kaiqu@kai-aftershock MINGW64 ~/Downloads/TUNI Git/tuni trg/tuni-git-adv (master)
$ git status
On branch master

No commits yet

Untracked files:
  (use "git add <file>..." to include in what will be committed)
        hello_world.py

nothing added to commit but untracked files present (use "git add" to track)




kaiqu@kai-aftershock MINGW64 ~/Downloads/TUNI Git/tuni trg/tuni-git-adv (master)
$ git add hello_world.py

kaiqu@kai-aftershock MINGW64 ~/Downloads/TUNI Git/tuni trg/tuni-git-adv (master)
$ git commit -m "Resolved merge conflict in hello_world.py"
[master (root-commit) 3de3dcf] Resolved merge conflict in hello_world.py
 1 file changed, 1 insertion(+)
 create mode 100644 hello_world.py










kaiqu@kai-aftershock MINGW64 ~/Downloads/TUNI Git/tuni trg/tuni-git-adv (master)
$ git checkout -b devel upstream/devel
fatal: 'upstream/devel' is not a commit and a branch 'devel' cannot be created from it

kaiqu@kai-aftershock MINGW64 ~/Downloads/TUNI Git/tuni trg/tuni-git-adv (master)
$ git status
On branch master
nothing to commit, working tree clean

kaiqu@kai-aftershock MINGW64 ~/Downloads/TUNI Git/tuni trg/tuni-git-adv (master)
$ git checkout -b devel upstream/devel
fatal: 'upstream/devel' is not a commit and a branch 'devel' cannot be created from it





after git init, we need to add our remote repo config again
kaiqu@kai-aftershock MINGW64 ~/Downloads/TUNI Git/tuni trg/tuni-git-adv (master)
$ git branch -r

kaiqu@kai-aftershock MINGW64 ~/Downloads/TUNI Git/tuni trg/tuni-git-adv (master)
$ git remote -v

kaiqu@kai-aftershock MINGW64 ~/Downloads/TUNI Git/tuni trg/tuni-git-adv (master)
$ git remote add origin https://github.com/KaiquanMah/tuni-git-adv.git

kaiqu@kai-aftershock MINGW64 ~/Downloads/TUNI Git/tuni trg/tuni-git-adv (master)
$ git remote add upstream https://course-gitlab.tuni.fi/git-course/advanced-rebase.git

kaiqu@kai-aftershock MINGW64 ~/Downloads/TUNI Git/tuni trg/tuni-git-adv (master)
$ git fetch upstream
remote: Enumerating objects: 21, done.
remote: Total 21 (delta 0), reused 0 (delta 0), pack-reused 21 (from 1)
Unpacking objects: 100% (21/21), 1.57 KiB | 28.00 KiB/s, done.
From https://course-gitlab.tuni.fi/git-course/advanced-rebase
 * [new branch]      devel      -> upstream/devel
 * [new branch]      master     -> upstream/master

kaiqu@kai-aftershock MINGW64 ~/Downloads/TUNI Git/tuni trg/tuni-git-adv (master)
$ git merge upstream/main --allow-unrelated-histories
merge: upstream/main - not something we can merge

kaiqu@kai-aftershock MINGW64 ~/Downloads/TUNI Git/tuni trg/tuni-git-adv (master)
$ git checkout -b devel upstream/devel
branch 'devel' set up to track 'upstream/devel'.
Switched to a new branch 'devel'

kaiqu@kai-aftershock MINGW64 ~/Downloads/TUNI Git/tuni trg/tuni-git-adv (devel)
$ git reset --soft $(git merge-base master devel)

kaiqu@kai-aftershock MINGW64 ~/Downloads/TUNI Git/tuni trg/tuni-git-adv (devel)
$ git commit -m "Add prints"
On branch devel
Your branch is up to date with 'upstream/devel'.

nothing to commit, working tree clean






kaiqu@kai-aftershock MINGW64 ~/Downloads/TUNI Git/tuni trg/tuni-git-adv (devel)
$ ls
hello_world.py

kaiqu@kai-aftershock MINGW64 ~/Downloads/TUNI Git/tuni trg/tuni-git-adv (devel)
$ cat hello_world.py
print("Hello world!")
print("Not another hello world")
print("No")
print("More")
print("Hello")
print("World")
print("Please, I'm begging you")

kaiqu@kai-aftershock MINGW64 ~/Downloads/TUNI Git/tuni trg/tuni-git-adv (devel)
$ git checkout main
error: pathspec 'main' did not match any file(s) known to git

kaiqu@kai-aftershock MINGW64 ~/Downloads/TUNI Git/tuni trg/tuni-git-adv (devel)
$ git branch -r
  upstream/devel
  upstream/master

kaiqu@kai-aftershock MINGW64 ~/Downloads/TUNI Git/tuni trg/tuni-git-adv (devel)
$ git checkout main
error: pathspec 'main' did not match any file(s) known to git

kaiqu@kai-aftershock MINGW64 ~/Downloads/TUNI Git/tuni trg/tuni-git-adv (devel)
$ git merge devel --ff-only
Already up to date.

kaiqu@kai-aftershock MINGW64 ~/Downloads/TUNI Git/tuni trg/tuni-git-adv (devel)
$ git push origin main
error: src refspec main does not match any
error: failed to push some refs to 'https://github.com/KaiquanMah/tuni-git-adv.git'





fix 'master' branch name to 'main'
kaiqu@kai-aftershock MINGW64 ~/Downloads/TUNI Git/tuni trg/tuni-git-adv (devel)
$ git branch
* devel
  master

kaiqu@kai-aftershock MINGW64 ~/Downloads/TUNI Git/tuni trg/tuni-git-adv (devel)
$ git branch -m master main

kaiqu@kai-aftershock MINGW64 ~/Downloads/TUNI Git/tuni trg/tuni-git-adv (devel)
$ git push origin main
Enumerating objects: 3, done.
Counting objects: 100% (3/3), done.
Writing objects: 100% (3/3), 258 bytes | 258.00 KiB/s, done.
Total 3 (delta 0), reused 0 (delta 0), pack-reused 0 (from 0)
To https://github.com/KaiquanMah/tuni-git-adv.git
 * [new branch]      main -> main

kaiqu@kai-aftershock MINGW64 ~/Downloads/TUNI Git/tuni trg/tuni-git-adv (devel)
$ git push origin --delete master
error: unable to delete 'master': remote ref does not exist
error: failed to push some refs to 'https://github.com/KaiquanMah/tuni-git-adv.git'

kaiqu@kai-aftershock MINGW64 ~/Downloads/TUNI Git/tuni trg/tuni-git-adv (devel)
$ git branch --set-upstream-to=origin/main
branch 'devel' set up to track 'origin/main'.

kaiqu@kai-aftershock MINGW64 ~/Downloads/TUNI Git/tuni trg/tuni-git-adv (devel)
$ git branch
* devel
  main

kaiqu@kai-aftershock MINGW64 ~/Downloads/TUNI Git/tuni trg/tuni-git-adv (devel)
$ git branch -r
  origin/main
  upstream/devel
  upstream/master

kaiqu@kai-aftershock MINGW64 ~/Downloads/TUNI Git/tuni trg/tuni-git-adv (devel)
$ git push origin devel
Enumerating objects: 21, done.
Counting objects: 100% (21/21), done.
Delta compression using up to 8 threads
Compressing objects: 100% (13/13), done.
Writing objects: 100% (21/21), 1.59 KiB | 406.00 KiB/s, done.
Total 21 (delta 5), reused 0 (delta 0), pack-reused 0 (from 0)
remote: Resolving deltas: 100% (5/5), done.
remote:
remote: Create a pull request for 'devel' on GitHub by visiting:
remote:      https://github.com/KaiquanMah/tuni-git-adv/pull/new/devel
remote:
To https://github.com/KaiquanMah/tuni-git-adv.git
 * [new branch]      devel -> devel

kaiqu@kai-aftershock MINGW64 ~/Downloads/TUNI Git/tuni trg/tuni-git-adv (devel)
$ git branch --set-upstream-to=origin/devel devel
branch 'devel' set up to track 'origin/devel'.









Check devel branch's git log, then 'rebase'
kaiqu@kai-aftershock MINGW64 ~/Downloads/TUNI Git/tuni trg/tuni-git-adv (devel)
$ git checkout devel
Already on 'devel'
Your branch is up to date with 'origin/devel'.

kaiqu@kai-aftershock MINGW64 ~/Downloads/TUNI Git/tuni trg/tuni-git-adv (devel)
$ git log --oneline main..devel
ca63dde (HEAD -> devel, upstream/devel, origin/devel) fix typo
c3cf8d5 qwerty
1662e16 commit
51905dc test2
94c4fbf Line change
fbb9ca9 asd
426381d (upstream/master) Initial commit

kaiqu@kai-aftershock MINGW64 ~/Downloads/TUNI Git/tuni trg/tuni-git-adv (devel)
$ git log
commit ca63dde21c3bde514cd41c72848ca17eb23b00e5 (HEAD -> devel, upstream/devel, origin/devel)
Author: Mikko <mikko.luhtasaari@tuni.fi>
Date:   Fri Jan 17 13:48:06 2020 +0200

    fix typo

commit c3cf8d549972cb7bc5f1f9be3a4953af0b76dc52
Author: Mikko <mikko.luhtasaari@tuni.fi>
Date:   Fri Jan 17 13:47:36 2020 +0200

    qwerty

commit 1662e1682258067db4ca48676d330fd79d001e59
Author: Mikko <mikko.luhtasaari@tuni.fi>
Date:   Fri Jan 17 13:47:16 2020 +0200

    commit

commit 51905dc7b37379f4f8543a84ef39592abfd0207d
Author: Mikko <mikko.luhtasaari@tuni.fi>
Date:   Fri Jan 17 13:46:54 2020 +0200

    test2

commit 94c4fbff55aedd01eb225c7bffcdb45e2030f734
Author: Mikko <mikko.luhtasaari@tuni.fi>
Date:   Fri Jan 17 13:46:31 2020 +0200

    Line change

commit fbb9ca9b550e5395d34b5480319203ec55216b81
Author: Mikko <mikko.luhtasaari@tuni.fi>
Date:   Fri Jan 17 13:45:59 2020 +0200

    asd

commit 426381dde6077e7d6bc82b232f3f07542f435b7d (upstream/master)
Author: Mikko <mikko.luhtasaari@tuni.fi>
Date:   Fri Jan 17 13:45:18 2020 +0200

    Initial commit








round1 rebase had issues, so we 'abort'
kaiqu@kai-aftershock MINGW64 ~/Downloads/TUNI Git/tuni trg/tuni-git-adv (devel)
$ git rebase -i main
warning: skipped previously applied commit 426381d
hint: use --reapply-cherry-picks to include skipped commits
hint: Disable this message with "git config advice.skippedCherryPicks false"
error: could not parse 'pick'
error: invalid line 2: s pick 94c4fbf Line change
error: could not parse 'pick'
error: invalid line 3: s pick 51905dc test2
error: could not parse 'pick'
error: invalid line 4: s pick 1662e16 commit
error: could not parse 'pick'
error: invalid line 5: s pick c3cf8d5 qwerty
error: could not parse 'pick'
error: invalid line 6: s pick ca63dde fix typo
You can fix this with 'git rebase --edit-todo' and then run 'git rebase --continue'.
Or you can abort the rebase with 'git rebase --abort'.

kaiqu@kai-aftershock MINGW64 ~/Downloads/TUNI Git/tuni trg/tuni-git-adv (devel|REBASE)
$ git rebase -i main
fatal: It seems that there is already a rebase-merge directory, and
I wonder if you are in the middle of another rebase.  If that is the
case, please try
        git rebase (--continue | --abort | --skip)
If that is not the case, please
        rm -fr ".git/rebase-merge"
and run me again.  I am stopping in case you still have something
valuable there.


kaiqu@kai-aftershock MINGW64 ~/Downloads/TUNI Git/tuni trg/tuni-git-adv (devel|REBASE)
$ git rebase --abort






round2 rebase
kaiqu@kai-aftershock MINGW64 ~/Downloads/TUNI Git/tuni trg/tuni-git-adv (devel)
$ git rebase -i main
warning: skipped previously applied commit 426381d
hint: use --reapply-cherry-picks to include skipped commits
hint: Disable this message with "git config advice.skippedCherryPicks false"
[detached HEAD 41a65ea] Add prints
 Author: Mikko <mikko.luhtasaari@tuni.fi>
 Date: Fri Jan 17 13:45:59 2020 +0200
 1 file changed, 6 insertions(+)
Successfully rebased and updated refs/heads/devel.

----
pick fbb9ca9 asd
s 94c4fbf Line change
s 51905dc test2
s 1662e16 commit
s c3cf8d5 qwerty
s ca63dde fix typo
---
Add prints
# and comment out other lines in the log
----




git log should show
- 1 commit/line for 'devel'
- 2 commits/lines - 1 for main, 1 for devel (according to exercise instructions) - ie 2 commits long
kaiqu@kai-aftershock MINGW64 ~/Downloads/TUNI Git/tuni trg/tuni-git-adv (devel)
$ git log --oneline main..devel
41a65ea (HEAD -> devel) Add prints

kaiqu@kai-aftershock MINGW64 ~/Downloads/TUNI Git/tuni trg/tuni-git-adv (devel)
$ git log
commit 41a65eab5bfc85bdbc50e56c7ef210bc66241716 (HEAD -> devel)
Author: Mikko <mikko.luhtasaari@tuni.fi>
Date:   Fri Jan 17 13:45:59 2020 +0200

    Add prints

commit 3de3dcfc35028775c6b36c4734c5fabd6221c58c (origin/main, main)
Author: kaiquanmah <kaiquanmah@git.com>
Date:   Mon Feb 3 15:08:00 2025 +0800

    Resolved merge conflict in hello_world.py








kaiqu@kai-aftershock MINGW64 ~/Downloads/TUNI Git/tuni trg/tuni-git-adv (devel)
$ git branch
* devel
  main



Fast-forward main
kaiqu@kai-aftershock MINGW64 ~/Downloads/TUNI Git/tuni trg/tuni-git-adv (devel)
$ git checkout main
Switched to branch 'main'

kaiqu@kai-aftershock MINGW64 ~/Downloads/TUNI Git/tuni trg/tuni-git-adv (main)
$ git merge --ff-only devel
Updating 3de3dcf..41a65ea
Fast-forward
 hello_world.py | 6 ++++++
 1 file changed, 6 insertions(+)



Push changes
kaiqu@kai-aftershock MINGW64 ~/Downloads/TUNI Git/tuni trg/tuni-git-adv (main)
$ git push origin main
Enumerating objects: 5, done.
Counting objects: 100% (5/5), done.
Delta compression using up to 8 threads
Compressing objects: 100% (2/2), done.
Writing objects: 100% (3/3), 357 bytes | 357.00 KiB/s, done.
Total 3 (delta 0), reused 0 (delta 0), pack-reused 0 (from 0)
To https://github.com/KaiquanMah/tuni-git-adv.git
   3de3dcf..41a65ea  main -> main

kaiqu@kai-aftershock MINGW64 ~/Downloads/TUNI Git/tuni trg/tuni-git-adv (main)
$ git push origin devel --force
Total 0 (delta 0), reused 0 (delta 0), pack-reused 0 (from 0)
To https://github.com/KaiquanMah/tuni-git-adv.git
 + ca63dde...41a65ea devel -> devel (forced update)







======


Exercise 4.9.2

Log & Blame
Initializing the exercise
Clone repository https://course-gitlab.tuni.fi/git-course/advanced-blame

Exercise
The different ways of ”cheating” through this exercise are countless. The goal of this exercise is to learn how to use git log and git blame from command line. It’s possible to get the anwers from GUI or just by looking at every log event. You should try to add different filters to git log because it will come in handy in the future.
You’ve cloned a remote repository. With this clone you’ve also received every event made in the repository. You’ll have to find answers to questions by using git log and git blame.
You can open up the documentation by typing git log --help or git blame --help.





kaiqu@kai-aftershock MINGW64 ~/Downloads/TUNI Git/tuni trg/tuni-git-adv (main)
$ git clone https://course-gitlab.tuni.fi/git-course/advanced-blame.git
Cloning into 'advanced-blame'...
remote: Enumerating objects: 67, done.
remote: Total 67 (delta 0), reused 0 (delta 0), pack-reused 67 (from 1)
Receiving objects: 100% (67/67), 11.18 KiB | 1.24 MiB/s, done.
Resolving deltas: 100% (23/23), done.

kaiqu@kai-aftershock MINGW64 ~/Downloads/TUNI Git/tuni trg/tuni-git-adv (main)
$ ls
advanced-blame/  hello_world.py

kaiqu@kai-aftershock MINGW64 ~/Downloads/TUNI Git/tuni trg/tuni-git-adv (main)
$ cd advanced-blame/

kaiqu@kai-aftershock MINGW64 ~/Downloads/TUNI Git/tuni trg/tuni-git-adv/advanced-blame (master)
$ ls
function1.py  lorem.ipsum  models.py  README.md  TODO  urls.py  views.py

kaiqu@kai-aftershock MINGW64 ~/Downloads/TUNI Git/tuni trg/tuni-git-adv/advanced-blame (master)
$ git log
commit 6a70cf9c0d8cbe10ea3d918bbd4a4b2c3d3073c4 (HEAD -> master, origin/master, origin/HEAD)
Author: Teppo Testaaja <teppo.testaaja@tuni.fi>
Date:   Thu Jan 16 09:42:59 2020 +0200

    Oops, bad idea

commit 7282b73ba9bdfdcaf933196d11146dac17a80a35
Author: Teppo Testaaja <teppo.testaaja@tuni.fi>
Date:   Thu Jan 16 09:42:03 2020 +0200

    Remove a couple of line breaks

commit c4dc2dc37609f724566b9cb5ec9d2ccf04ab2d46
Author: Teppo Testaaja <teppo.testaaja@tuni.fi>
Date:   Thu Jan 16 09:37:40 2020 +0200

    Modify lorem ipsum

commit 9afe1d6f9aaa85b3655088c27bf261616ccc0fca
Author: Teemu Teekkari <teemu.teekkari@tuni.fi>
Date:   Thu Jan 16 09:33:54 2020 +0200

    Add lorem ipsum

commit 18856f47566228385a3bb5993775cb08fdf9d220
Merge: 146e2bd 4736e44
Author: Pertti Python <pertti.python@tuni.fi>
Date:   Thu Jan 16 07:36:25 2020 +0200

    Merge branch 'feature/add-cool-function'

commit 4736e44ce379d3fda6d39eb6c465ef47d2f77138
Author: Pertti Python <pertti.python@tuni.fi>
Date:   Thu Jan 16 07:36:00 2020 +0200

    Make a function

commit 146e2bdaac16f55424738eca9c04d22a0f967f05
Merge: 8f47de6 7b84034
Author: Teppo Testaaja <teppo.testaaja@tuni.fi>
Date:   Thu Jan 16 07:29:31 2020 +0200

    Merge branch 'feature/create-todo'

commit 7b8403428c2c7dc8ca85523634a72ec79c050cea
Author: Teppo Testaaja <teppo.testaaja@tuni.fi>
Date:   Thu Jan 16 07:29:10 2020 +0200

    Create TODO

commit 8f47de6312af754540c65d89fc98ff2134ee26f0
Author: Jalo Javascript <jalo.javascript@tuni.fi>
Date:   Thu Jan 16 07:27:19 2020 +0200

    Delete hello_world.py

commit 019a9b3b7563fd52ee88c7d0250e3ff0932d351c
Author: Jalo Javascript <jalo.javascript@tuni.fi>
Date:   Thu Jan 16 07:25:17 2020 +0200

    Add urls for the views

commit 088bfa0c4e312a795a8fd2317f54b5e094279177
Author: Teppo Testaaja <teppo.testaaja@tuni.fi>
Date:   Thu Jan 16 07:23:28 2020 +0200

    Remove extra line break

commit 70e5c2c5a814fb441dce6a2ae9a4331d8c88092d
Author: Teppo Testaaja <teppo.testaaja@tuni.fi>
Date:   Thu Jan 16 07:23:01 2020 +0200

    Add three more views

commit 75e2011974124ed9cef819f8215702a86a8adf88
Author: Pertti Python <pertti.python@tuni.fi>
Date:   Thu Jan 16 07:21:05 2020 +0200

    Add first view

commit 9174875f531d0e2be2102f5ba8e944b05ecbf163
Author: Teemu Teekkari <teemu.teekkari@tuni.fi>
Date:   Thu Jan 16 07:19:37 2020 +0200

    Fix charfield length

commit 378e9d71f3450e29df29242cdeec123ebaebfe60
Author: Teemu Teekkari <teemu.teekkari@tuni.fi>
Date:   Thu Jan 16 07:16:59 2020 +0200

    Rename file

commit 64aee9f720238cd5331f6bb048000a4b4011edf5
Author: Jalo Javascript <jalo.javascript@tuni.fi>
Date:   Wed Jan 15 15:28:07 2020 +0200

    Complete a TODO in README

commit dc77d1290d1545add4d24da81d7847e96e894f7a
Author: Teppo Testaaja <teppo.testaaja@tuni.fi>
Date:   Wed Jan 15 15:23:44 2020 +0200

    Write README

commit 3531be18283ab80a25feb1155976f3ea9e41364b
Author: Teppo Testaaja <teppo.testaaja@tuni.fi>
Date:   Wed Jan 15 15:22:07 2020 +0200

    Fix errors caused by Teemu Teekkari

commit 5aaced20277d315d890c41319db5d928bcd7c860
Author: Jalo Javascript <jalo.javascript@tuni.fi>
Date:   Wed Jan 15 15:20:21 2020 +0200

    Fix model

commit 472ab7e21fdce04a0533d7729d16f1ce74ad05bd
Author: Teemu Teekkari <teemu.teekkari@tuni.fi>
Date:   Wed Jan 15 15:18:30 2020 +0200

    Add a TODO to README

commit 39ea92a72416e11445550a76016a1962b9c13101
Author: Teemu Teekkari <teemu.teekkari@tuni.fi>
Date:   Wed Jan 15 15:16:38 2020 +0200

    Modify model

commit d28d71cc5192c52d198fa41704df5220f54a537f
Author: Pertti Python <pertti.python@tuni.fi>
Date:   Wed Jan 15 15:15:22 2020 +0200

    Create a model

commit f370e663e3d4982815f111dd744d66f99eb065a5
Author: Jalo Javascript <jalo.javascript@tuni.fi>
Date:   Wed Jan 15 15:13:05 2020 +0200

    Modify README

commit ee96d817df2736515260a563ea98b0dac7de81ae
Author: Teppo Testaaja <teppo.testaaja@tuni.fi>
Date:   Wed Jan 15 15:11:38 2020 +0200

    Create hello world

commit 1a54e416ee43519815d16927af40abf129c874a4
Author: Teemu Teekkari <teemu.teekkari@tuni.fi>
Date:   Wed Jan 15 15:10:14 2020 +0200

    Initial commit

kaiqu@kai-aftershock MINGW64 ~/Downloads/TUNI Git/tuni trg/tuni-git-adv/advanced-blame (master)
$ git blame
usage: git blame [<options>] [<rev-opts>] [<rev>] [--] <file>

    <rev-opts> are documented in git-rev-list(1)

    --[no-]incremental    show blame entries as we find them, incrementally
    -b                    do not show object names of boundary commits (Default: off)
    --[no-]root           do not treat root commits as boundaries (Default: off)
    --[no-]show-stats     show work cost statistics
    --[no-]progress       force progress reporting
    --[no-]score-debug    show output score for blame entries
    -f, --[no-]show-name  show original filename (Default: auto)
    -n, --[no-]show-number
                          show original linenumber (Default: off)
    -p, --[no-]porcelain  show in a format designed for machine consumption
    --[no-]line-porcelain show porcelain format with per-line commit information
    -c                    use the same output mode as git-annotate (Default: off)
    -t                    show raw timestamp (Default: off)
    -l                    show long commit SHA1 (Default: off)
    -s                    suppress author name and timestamp (Default: off)
    -e, --[no-]show-email show author email instead of name (Default: off)
    -w                    ignore whitespace differences
    --[no-]ignore-rev <rev>
                          ignore <rev> when blaming
    --[no-]ignore-revs-file <file>
                          ignore revisions from <file>
    --[no-]color-lines    color redundant metadata from previous line differently
    --[no-]color-by-age   color lines by age
    --[no-]minimal        spend extra cycles to find better match
    -S <file>             use revisions from <file> instead of calling git-rev-list
    --[no-]contents <file>
                          use <file>'s contents as the final image
    -C[<score>]           find line copies within and across files
    -M[<score>]           find line movements within and across files
    -L <range>            process only line range <start>,<end> or function :<funcname>
    --[no-]abbrev[=<n>]   use <n> digits to display object names


kaiqu@kai-aftershock MINGW64 ~/Downloads/TUNI Git/tuni trg/tuni-git-adv/advanced-blame (master)
$ git blame --incremental
usage: git blame [<options>] [<rev-opts>] [<rev>] [--] <file>

    <rev-opts> are documented in git-rev-list(1)

    --[no-]incremental    show blame entries as we find them, incrementally
    -b                    do not show object names of boundary commits (Default: off)
    --[no-]root           do not treat root commits as boundaries (Default: off)
    --[no-]show-stats     show work cost statistics
    --[no-]progress       force progress reporting
    --[no-]score-debug    show output score for blame entries
    -f, --[no-]show-name  show original filename (Default: auto)
    -n, --[no-]show-number
                          show original linenumber (Default: off)
    -p, --[no-]porcelain  show in a format designed for machine consumption
    --[no-]line-porcelain show porcelain format with per-line commit information
    -c                    use the same output mode as git-annotate (Default: off)
    -t                    show raw timestamp (Default: off)
    -l                    show long commit SHA1 (Default: off)
    -s                    suppress author name and timestamp (Default: off)
    -e, --[no-]show-email show author email instead of name (Default: off)
    -w                    ignore whitespace differences
    --[no-]ignore-rev <rev>
                          ignore <rev> when blaming
    --[no-]ignore-revs-file <file>
                          ignore revisions from <file>
    --[no-]color-lines    color redundant metadata from previous line differently
    --[no-]color-by-age   color lines by age
    --[no-]minimal        spend extra cycles to find better match
    -S <file>             use revisions from <file> instead of calling git-rev-list
    --[no-]contents <file>
                          use <file>'s contents as the final image
    -C[<score>]           find line copies within and across files
    -M[<score>]           find line movements within and across files
    -L <range>            process only line range <start>,<end> or function :<funcname>
    --[no-]abbrev[=<n>]   use <n> digits to display object names













Question 1 2 / 2
Who made the first commit?

kaiqu@kai-aftershock MINGW64 ~/Downloads/TUNI Git/tuni trg/tuni-git-adv/advanced-blame (master)
$ git log --reverse --oneline
1a54e41 Initial commit
ee96d81 Create hello world
f370e66 Modify README
d28d71c Create a model
39ea92a Modify model
472ab7e Add a TODO to README
5aaced2 Fix model
3531be1 Fix errors caused by Teemu Teekkari
dc77d12 Write README
64aee9f Complete a TODO in README
378e9d7 Rename file
9174875 Fix charfield length
75e2011 Add first view
70e5c2c Add three more views
088bfa0 Remove extra line break
019a9b3 Add urls for the views
8f47de6 Delete hello_world.py
7b84034 Create TODO
146e2bd Merge branch 'feature/create-todo'
4736e44 Make a function
18856f4 Merge branch 'feature/add-cool-function'
9afe1d6 Add lorem ipsum
c4dc2dc Modify lorem ipsum
7282b73 Remove a couple of line breaks
6a70cf9 (HEAD -> master, origin/master, origin/HEAD) Oops, bad idea

kaiqu@kai-aftershock MINGW64 ~/Downloads/TUNI Git/tuni trg/tuni-git-adv/advanced-blame (master)
$ git log 1a54e41
commit 1a54e416ee43519815d16927af40abf129c874a4
Author: Teemu Teekkari <teemu.teekkari@tuni.fi>
Date:   Wed Jan 15 15:10:14 2020 +0200

    Initial commit












Question 2 2 / 2
How many commits did Jalo Javascript do in 15.01.2020?
- should be 5, not sure why autograder only accepts '3'

kaiqu@kai-aftershock MINGW64 ~/Downloads/TUNI Git/tuni trg/tuni-git-adv/advanced-blame (master)
$ git log --author="Jalo Javascript" --since="2020-01-15" --until="2020-01-16" --oneline
8f47de6 Delete hello_world.py
019a9b3 Add urls for the views
64aee9f Complete a TODO in README
5aaced2 Fix model
f370e66 Modify README

kaiqu@kai-aftershock MINGW64 ~/Downloads/TUNI Git/tuni trg/tuni-git-adv/advanced-blame (master)
$ git log --author="Jalo Javascript" --since="2020-01-15" --until="2020-01-15" --oneline

kaiqu@kai-aftershock MINGW64 ~/Downloads/TUNI Git/tuni trg/tuni-git-adv/advanced-blame (master)
$ git log --author="Jalo Javascript" --since="2020-01-15" --until="2020-01-16"
commit 8f47de6312af754540c65d89fc98ff2134ee26f0
Author: Jalo Javascript <jalo.javascript@tuni.fi>
Date:   Thu Jan 16 07:27:19 2020 +0200

    Delete hello_world.py

commit 019a9b3b7563fd52ee88c7d0250e3ff0932d351c
Author: Jalo Javascript <jalo.javascript@tuni.fi>
Date:   Thu Jan 16 07:25:17 2020 +0200

    Add urls for the views

commit 64aee9f720238cd5331f6bb048000a4b4011edf5
Author: Jalo Javascript <jalo.javascript@tuni.fi>
Date:   Wed Jan 15 15:28:07 2020 +0200

    Complete a TODO in README

commit 5aaced20277d315d890c41319db5d928bcd7c860
Author: Jalo Javascript <jalo.javascript@tuni.fi>
Date:   Wed Jan 15 15:20:21 2020 +0200

    Fix model

commit f370e663e3d4982815f111dd744d66f99eb065a5
Author: Jalo Javascript <jalo.javascript@tuni.fi>
Date:   Wed Jan 15 15:13:05 2020 +0200

    Modify README












Question 3 2 / 2
Who created file TODO and when?

kaiqu@kai-aftershock MINGW64 ~/Downloads/TUNI Git/tuni trg/tuni-git-adv/advanced-blame (master)
$ git log --diff-filter=A -- TODO
commit 7b8403428c2c7dc8ca85523634a72ec79c050cea
Author: Teppo Testaaja <teppo.testaaja@tuni.fi>
Date:   Thu Jan 16 07:29:10 2020 +0200

    Create TODO













Question 4 2 / 2
How many files have been renamed?

kaiqu@kai-aftershock MINGW64 ~/Downloads/TUNI Git/tuni trg/tuni-git-adv/advanced-blame (master)
$ git log --summary --stat --oneline | grep "rename"
 rename cool_python.py => models.py (100%)



kaiqu@kai-aftershock MINGW64 ~/Downloads/TUNI Git/tuni trg/tuni-git-adv/advanced-blame (master)
$ git log --summary --stat --oneline
6a70cf9 (HEAD -> master, origin/master, origin/HEAD) Oops, bad idea
 lorem.ipsum | 3 +++
 1 file changed, 3 insertions(+)
7282b73 Remove a couple of line breaks
 lorem.ipsum | 3 ---
 1 file changed, 3 deletions(-)
c4dc2dc Modify lorem ipsum
 lorem.ipsum | 6 +++---
 1 file changed, 3 insertions(+), 3 deletions(-)
9afe1d6 Add lorem ipsum
 lorem.ipsum | 39 +++++++++++++++++++++++++++++++++++++++
 1 file changed, 39 insertions(+)
 create mode 100644 lorem.ipsum
18856f4 Merge branch 'feature/add-cool-function'
4736e44 Make a function
 function1.py | 6 ++++++
 1 file changed, 6 insertions(+)
 create mode 100644 function1.py
146e2bd Merge branch 'feature/create-todo'
7b84034 Create TODO
 TODO | 3 +++
 1 file changed, 3 insertions(+)
 create mode 100644 TODO
8f47de6 Delete hello_world.py
 hello_world.py | 1 -
 1 file changed, 1 deletion(-)
 delete mode 100644 hello_world.py
019a9b3 Add urls for the views
 urls.py | 15 +++++++++++++++
 1 file changed, 15 insertions(+)
 create mode 100644 urls.py
088bfa0 Remove extra line break
 views.py | 1 -
 1 file changed, 1 deletion(-)
70e5c2c Add three more views
 views.py | 11 +++++++++++
 1 file changed, 11 insertions(+)
75e2011 Add first view
 views.py | 11 +++++++++++
 1 file changed, 11 insertions(+)
 create mode 100644 views.py
9174875 Fix charfield length
 models.py | 2 +-
 1 file changed, 1 insertion(+), 1 deletion(-)
378e9d7 Rename file
 cool_python.py => models.py | 0
 1 file changed, 0 insertions(+), 0 deletions(-)
 rename cool_python.py => models.py (100%)
64aee9f Complete a TODO in README
 README.md | 4 +++-
 1 file changed, 3 insertions(+), 1 deletion(-)
dc77d12 Write README
 README.md | 6 +++++-
 1 file changed, 5 insertions(+), 1 deletion(-)
3531be1 Fix errors caused by Teemu Teekkari
 cool_python.py | 2 +-
 1 file changed, 1 insertion(+), 1 deletion(-)
5aaced2 Fix model
 cool_python.py | 4 ++--
 1 file changed, 2 insertions(+), 2 deletions(-)
472ab7e Add a TODO to README
 README.md | 4 ++++
 1 file changed, 4 insertions(+)
39ea92a Modify model
 cool_python.py | 6 +++---
 1 file changed, 3 insertions(+), 3 deletions(-)
d28d71c Create a model
 cool_python.py | 19 +++++++++++++++++++
 1 file changed, 19 insertions(+)
 create mode 100644 cool_python.py
f370e66 Modify README
 README.md | 2 ++
 1 file changed, 2 insertions(+)
ee96d81 Create hello world
 hello_world.py | 1 +
 1 file changed, 1 insertion(+)
 create mode 100644 hello_world.py
1a54e41 Initial commit
 README.md | 1 +
 1 file changed, 1 insertion(+)
 create mode 100644 README.md















Question 5 2 / 2
How many merge commits are there in main?

kaiqu@kai-aftershock MINGW64 ~/Downloads/TUNI Git/tuni trg/tuni-git-adv/advanced-blame (master)
$ git log --merges --oneline
18856f4 Merge branch 'feature/add-cool-function'
146e2bd Merge branch 'feature/create-todo'









Question 6 2 / 2
Who made the latest changes to lorem.ipsum lines 29-34?

kaiqu@kai-aftershock MINGW64 ~/Downloads/TUNI Git/tuni trg/tuni-git-adv/advanced-blame (master)
$ git blame -L 29,34 lorem.ipsum
c4dc2dc3 (Teppo Testaaja 2020-01-16 09:37:40 +0200 29) Ut vehicula rhoncus. Vestibulum ante ipsum primis in faucibus orci luctus et ultrices posuere cubilia Curae; Etiam in tortor pellentesque turpis vestibulum finibus quis eu dolor. Curabitur consequat mauris id urna tempor, in lacinia justo pulvinar. Donec pretium nisl interdum viverra cursus. Donec non tincidunt velit. Morbi a mauris vestibulum, scelerisque arcu ac, mollis ex.
6a70cf9c (Teppo Testaaja 2020-01-16 09:42:59 +0200 30)
c4dc2dc3 (Teppo Testaaja 2020-01-16 09:37:40 +0200 31) Aenean scelerisque erat sit amet luctus. Nullam ut diam lectus. Morbi eu eros diam. Praesent cursus augue magna, sit amet eleifend orci placerat quis. Praesent vitae facilisis est, sit amet feugiat est. Duis at lectus quis sem sodales scelerisque in sed sapien. Morbi quam elit, pellentesque in auctor vel, viverra ut enim. Donec eros diam, euismod cursus est vitae, auctor venenatis justo. Fusce tellus est, mollis sit amet est sed, sodales rhoncus sem. Phasellus ac mattis tortor. Cras sem magna, aliquam et tempus vel, lobortis ac ex. Aliquam sed elit non tortor dignissim aliquet in ac mi. Mauris placerat ut felis id iaculis. Nullam tempus finibus sapien, quis fermentum erat aliquam a. Sed rutrum, nisl in eleifend sagittis, lectus est tincidunt lacus, a pretium tellus enim vel leo.
6a70cf9c (Teppo Testaaja 2020-01-16 09:42:59 +0200 32)
c4dc2dc3 (Teppo Testaaja 2020-01-16 09:37:40 +0200 33) Nulla varius, non dictum pretium, sapien nibh maximus neque, non volutpat erat ipsum sed mauris. Duis laoreet magna enim, et placerat lectus viverra in. Nunc sed enim quis felis tincidunt fringilla vel non justo. Donec finibus metus arcu, at condimentum risus fermentum at. Curabitur sit amet malesuada nunc. Maecenas pretium arcu non mollis fermentum. Vivamus malesuada lectus nisi, quis pulvinar lacus feugiat sed.
6a70cf9c (Teppo Testaaja 2020-01-16 09:42:59 +0200 34)

kaiqu@kai-aftershock MINGW64 ~/Downloads/TUNI Git/tuni trg/tuni-git-adv/advanced-blame (master)
$ cat lorem.ipsum
Lorem ipsum dolor sit amet, consectetur adipiscing elit. Cras sit amet volutpat erat. Nullam et gravida orci. Morbi metus nulla, tempus sit amet ligula nec, mollis tempus justo. Sed condimentum sagittis dui ac mattis. Integer venenatis, purus in porttitor vestibulum, lacus arcu tincidunt sem, in mollis eros ex ac quam. Mauris erat orci, tincidunt vel dignissim vel, egestas vulputate velit. Quisque convallis, dui id cursus viverra, turpis turpis facilisis justo, et mattis ante ipsum vitae quam. Nulla vel justo id urna mollis lacinia volutpat eget tortor. Pellentesque lorem erat, imperdiet id imperdiet vitae, blandit vel neque. Nunc libero ex, vulputate non lectus vel, viverra fermentum orci. Vestibulum vel odio tellus. Quisque mollis sollicitudin tincidunt. Sed ac libero ut lacus ultricies sagittis. Sed ultricies pharetra dui, sed bibendum dolor vehicula at. In cursus et urna a semper. Curabitur ullamcorper mauris quam, ut rhoncus enim tempor eu.

Sed pulvinar enim nec velit elementum cursus. Nullam vulputate arcu a justo vestibulum vulputate. Integer sed nibh imperdiet, sagittis magna tincidunt, varius tellus. Donec condimentum lobortis tellus, quis mattis nulla malesuada ut. Suspendisse lacinia dui at mi tincidunt iaculis. Proin luctus ultricies tincidunt. Praesent dapibus auctor lacus, sed tempus odio commodo et. Sed mattis ac ante nec pharetra.

Curabitur fringilla porttitor dolor sit amet scelerisque. Mauris id lectus eu arcu gravida pulvinar. Integer mauris lectus, efficitur eu neque eget, semper viverra eros. Sed euismod tincidunt quam, venenatis bibendum ante ultricies nec. Aliquam sit amet tortor ipsum. Sed nec dignissim ipsum. Morbi non felis ut urna congue pulvinar ac eget nisi. Praesent vehicula iaculis nunc quis interdum.

Maecenas dictum libero libero, et porttitor elit ultricies pellentesque. In in bibendum lacus. Suspendisse et blandit lectus. Aenean facilisis purus hendrerit risus feugiat, sed iaculis odio convallis. Suspendisse interdum pharetra massa, eget pulvinar ipsum congue vel. Curabitur a nulla enim. Donec consectetur purus vel condimentum egestas. Aliquam neque purus, pellentesque eget nulla at, porttitor lacinia tellus. Maecenas magna sapien, lacinia vitae ultrices eget, cursus non augue. Curabitur euismod laoreet justo, vitae suscipit risus feugiat ut. Proin laoreet velit vestibulum fermentum consectetur.

Maecenas aliquet rhoncus erat, quis aliquam nisl faucibus in. Nullam venenatis efficitur massa non facilisis. Nunc tristique lectus eget vestibulum aliquam. Donec id tristique metus. Nunc pellentesque consectetur sapien ac bibendum. Proin dapibus, augue ac condimentum pharetra, lacus ipsum euismod turpis, quis malesuada eros urna vitae ipsum. Duis rhoncus nisl eget quam varius, quis vehicula nisl luctus. Phasellus vestibulum urna eget lectus lacinia mattis. Vestibulum eu nisi at eros posuere luctus ac a augue. Aliquam erat volutpat. Cras pharetra libero a volutpat interdum. Nunc mattis leo a mauris accumsan, congue mattis libero iaculis. Nulla augue nisl, blandit eu turpis vitae, lacinia pulvinar ligula. Pellentesque habitant morbi tristique senectus et netus et malesuada fames ac turpis egestas.

Class aptent taciti sociosqu ad litora torquent per conubia nostra, per inceptos himenaeos. Donec risus purus, vestibulum venenatis ullamcorper non, eleifend pellentesque magna. Donec facilisis rutrum eros, sit amet viverra nulla dapibus ac. Proin eu blandit diam. Sed malesuada feugiat imperdiet. Phasellus egestas ac neque et commodo. Donec vestibulum est tincidunt diam aliquam, vel bibendum turpis porta. Maecenas mattis id lorem ultrices rhoncus.

Nulla facilisi. Duis tempor velit nec eros porta, nec pretium lorem tempus. Vivamus tincidunt ligula in eleifend ultrices. Aenean sit amet consectetur tellus. Vestibulum rhoncus neque eu ante auctor pretium. Sed mollis suscipit ipsum quis placerat. Nulla neque orci, dapibus id ornare sit amet, imperdiet a velit. Cras molestie tempor libero nec volutpat. Suspendisse quis placerat est, eu sagittis lacus. Morbi eros nisl, vestibulum ac diam ac, scelerisque lacinia neque. Maecenas efficitur elit et ipsum consequat, quis vulputate augue consectetur.

Maecenas molestie ultricies ex sit amet sollicitudin. Integer facilisis, justo vitae laoreet malesuada, odio turpis consequat nunc, non ornare eros nunc congue justo. Maecenas pharetra mi at metus porta auctor. Mauris porttitor venenatis libero sit amet congue. Nullam molestie tristique consectetur. Vestibulum ante ipsum primis in faucibus orci luctus et ultrices posuere cubilia Curae; Suspendisse varius odio a quam feugiat, in maximus ipsum dictum. Sed non fringilla lacus. Sed congue ante quis arcu tempor tincidunt. Nam sed nisl ullamcorper risus varius hendrerit. Mauris sed pretium nunc, tincidunt commodo enim. In vehicula dignissim enim, pretium congue justo rutrum non. Donec dignissim elit semper, tempus mi ac, hendrerit enim.

Etiam suscipit justo massa, mollis lobortis est varius ac. Proin purus sapien, varius eget neque feugiat, lobortis porta libero. Etiam felis nisl, vulputate ornare mi a, egestas suscipit lorem. Pellentesque placerat egestas velit id elementum. Praesent facilisis, lacus quis elementum pulvinar, nibh tellus elementum augue, vel tincidunt enim mauris eu nisi. Mauris fringilla dolor odio, et accumsan ligula condimentum at. Suspendisse luctus et mi id fermentum. Morbi pharetra erat lectus, eu dapibus nibh commodo vel. Etiam volutpat elementum sollicitudin. Nulla facilisi. Sed quis nisi erat.

Integer vel tincidunt mauris, id viverra enim. Quisque eget velit tempor, imperdiet ex ut, fermentum quam. Nullam tristique ante sed interdum lacinia. Integer eu dui risus. Donec porta odio tristique ipsum interdum, sit amet vehicula sapien laoreet. Mauris luctus hendrerit nunc, ut auctor leo pulvinar vel. Phasellus in hendrerit ante. Nam nec feugiat lacus, id dictum dolor. Maecenas dignissim feugiat pharetra. Suspendisse ullamcorper interdum neque vel pharetra.

Vivamus non varius erat. Pellentesque sodales diam a tristique posuere. Vestibulum dapibus lacus sed neque pretium sodales. Vestibulum lobortis eu nulla et aliquam. Aenean imperdiet ligula viverra orci vestibulum, nec lacinia risus lobortis. Curabitur consequat lorem a lectus venenatis, sit amet lobortis dui fringilla. Sed at aliquet elit. Curabitur blandit lectus turpis, volutpat rhoncus ex venenatis eu. Vestibulum vestibulum velit non nisi varius condimentum. Morbi at ligula dictum, sollicitudin sem non, volutpat erat. Mauris mattis magna ac lorem iaculis, vitae convallis erat facilisis.

Sed volutpat semper mattis. Proin tempus ultrices sapien, eu viverra lectus tincidunt placerat. Praesent sed tortor non orci dignissim tincidunt. Curabitur nec rutrum diam, a tempor ligula. Duis rutrum molestie dignissim. Phasellus at neque non ex volutpat dapibus. Cras sed porttitor odio, sit amet tincidunt tortor. Vestibulum non mauris a elit gravida egestas. Sed feugiat pellentesque feugiat. Ut ut sapien nec justo tempor consectetur eu et lorem. Morbi ut dui urna. Proin vitae posuere sapien. Mauris convallis nisi eget sodales imperdiet. Integer ullamcorper aliquam nisi a placerat. Nulla imperdiet dolor justo, sit amet dapibus purus faucibus fermentum. Suspendisse nunc mauris, lobortis in laoreet ac, laoreet vel lacus.

Vivamus ac lectus sed magna porttitor euismod ut vel ante. Proin volutpat laoreet luctus. Nulla ut nibh ut quam finibus semper. Aenean at tempor lorem, fermentum posuere risus. Nulla placerat dolor ac enim cursus interdum. Vestibulum enim ex, pretium ut efficitur quis, eleifend vel metus. Pellentesque in commodo odio. Maecenas condimentum euismod rhoncus. Sed rhoncus elit eu nisi vulputate, a sagittis magna luctus. Mauris laoreet luctus mauris. Donec id finibus ipsum, vitae euismod velit. Quisque imperdiet pretium quam eget facilisis. Morbi molestie diam eu mauris semper commodo. Nullam urna enim, luctus id pretium vel, ornare a nulla. Curabitur rutrum posuere purus id venenatis. Praesent et vestibulum urna.

Suspendisse blandit condimentum dui, vel eleifend tortor tempus vitae. Nunc dapibus ligula nec dui consequat, non suscipit mauris aliquam. Donec ut mi eget neque convallis porttitor quis sit amet massa. Nunc scelerisque egestas nunc a gravida. Sed risus velit, sagittis at tempor quis, euismod et ex. Donec nec consequat urna. Cras vehicula justo massa, vitae porttitor orci viverra id. Vivamus quis lectus eros. Duis at ipsum vehicula, tincidunt lacus ac, commodo justo. Nam et erat eros.

Ut vehicula rhoncus. Vestibulum ante ipsum primis in faucibus orci luctus et ultrices posuere cubilia Curae; Etiam in tortor pellentesque turpis vestibulum finibus quis eu dolor. Curabitur consequat mauris id urna tempor, in lacinia justo pulvinar. Donec pretium nisl interdum viverra cursus. Donec non tincidunt velit. Morbi a mauris vestibulum, scelerisque arcu ac, mollis ex.

Aenean scelerisque erat sit amet luctus. Nullam ut diam lectus. Morbi eu eros diam. Praesent cursus augue magna, sit amet eleifend orci placerat quis. Praesent vitae facilisis est, sit amet feugiat est. Duis at lectus quis sem sodales scelerisque in sed sapien. Morbi quam elit, pellentesque in auctor vel, viverra ut enim. Donec eros diam, euismod cursus est vitae, auctor venenatis justo. Fusce tellus est, mollis sit amet est sed, sodales rhoncus sem. Phasellus ac mattis tortor. Cras sem magna, aliquam et tempus vel, lobortis ac ex. Aliquam sed elit non tortor dignissim aliquet in ac mi. Mauris placerat ut felis id iaculis. Nullam tempus finibus sapien, quis fermentum erat aliquam a. Sed rutrum, nisl in eleifend sagittis, lectus est tincidunt lacus, a pretium tellus enim vel leo.

Nulla varius, non dictum pretium, sapien nibh maximus neque, non volutpat erat ipsum sed mauris. Duis laoreet magna enim, et placerat lectus viverra in. Nunc sed enim quis felis tincidunt fringilla vel non justo. Donec finibus metus arcu, at condimentum risus fermentum at. Curabitur sit amet malesuada nunc. Maecenas pretium arcu non mollis fermentum. Vivamus malesuada lectus nisi, quis pulvinar lacus feugiat sed.

Ut ut tempor est, sed feugiat felis. Morbi ut ligula elit. Sed arcu augue, semper eleifend enim non, aliquet facilisis velit. Nulla convallis lobortis odio, sed malesuada eros mattis in. Maecenas diam ipsum, vehicula id arcu in, porta fermentum odio. Vestibulum consectetur libero at risus blandit, et venenatis mauris ullamcorper. Sed hendrerit, sem eu dictum pharetra, eros ligula rutrum risus, quis tincidunt lectus eros ac ipsum. Duis vehicula, elit nec condimentum molestie, justo enim dignissim ligula, sed congue elit tortor vel nulla. Nunc efficitur lacus ac tellus maximus bibendum. Aliquam erat volutpat. Etiam non quam sit amet enim egestas imperdiet vel quis enim. Vestibulum varius sem leo, non facilisis dui rhoncus eget. Phasellus malesuada sed dui in gravida.

Pellentesque dignissim suscipit odio, pharetra vulputate erat congue non. Vivamus accumsan tortor ac posuere accumsan. Donec tortor velit, laoreet ac justo a, maximus bibendum tellus. Proin faucibus lectus eros, eu egestas nunc feugiat ac. Curabitur vel ipsum ac ligula commodo cursus id id nisl. Aliquam maximus massa eu sagittis consequat. Mauris ante enim, tristique sit amet velit in, ultrices viverra lectus. Cras molestie massa quis sem efficitur, nec venenatis mi egestas. Phasellus eu laoreet leo, nec vestibulum nibh. Suspendisse nec dolor gravida, finibus urna quis, pulvinar felis. Vestibulum ultricies suscipit mi, eu laoreet tellus porttitor nec. Vestibulum et posuere dui.

Etiam sollicitudin interdum ex, eget dapibus urna aliquet sed. Donec a tristique eros, non ornare diam. Morbi convallis ullamcorper ligula, et euismod nunc consectetur sed. Nulla nisi tortor, tempus ac lacinia rutrum, convallis nec risus. Pellentesque habitant morbi tristique senectus et netus et malesuada fames ac turpis egestas. Phasellus ac eros eu diam feugiat convallis. Vivamus malesuada tortor a massa hendrerit aliquam. Vivamus vitae erat enim.












Question 7 2 / 2
Who added a file with class Question?

kaiqu@kai-aftershock MINGW64 ~/Downloads/TUNI Git/tuni trg/tuni-git-adv/advanced-blame (master)
$ git log -S "class Question" --oneline
d28d71c Create a model

kaiqu@kai-aftershock MINGW64 ~/Downloads/TUNI Git/tuni trg/tuni-git-adv/advanced-blame (master)
$ git log d28d71c
commit d28d71cc5192c52d198fa41704df5220f54a537f
Author: Pertti Python <pertti.python@tuni.fi>
Date:   Wed Jan 15 15:15:22 2020 +0200

    Create a model

commit f370e663e3d4982815f111dd744d66f99eb065a5
Author: Jalo Javascript <jalo.javascript@tuni.fi>
Date:   Wed Jan 15 15:13:05 2020 +0200

    Modify README

commit ee96d817df2736515260a563ea98b0dac7de81ae
Author: Teppo Testaaja <teppo.testaaja@tuni.fi>
Date:   Wed Jan 15 15:11:38 2020 +0200

    Create hello world

commit 1a54e416ee43519815d16927af40abf129c874a4
Author: Teemu Teekkari <teemu.teekkari@tuni.fi>
Date:   Wed Jan 15 15:10:14 2020 +0200

    Initial commit










Question 8 6 / 6
Which of the following statements are correct regarding the latest commit (9afe1d6f9aaa85b3655088c27bf261616ccc0fca) Teemu Teekkari made?

kaiqu@kai-aftershock MINGW64 ~/Downloads/TUNI Git/tuni trg/tuni-git-adv/advanced-blame (master)
$ git show 9afe1d6f9aaa85b3655088c27bf261616ccc0fca
commit 9afe1d6f9aaa85b3655088c27bf261616ccc0fca
Author: Teemu Teekkari <teemu.teekkari@tuni.fi>
Date:   Thu Jan 16 09:33:54 2020 +0200

    Add lorem ipsum

diff --git a/lorem.ipsum b/lorem.ipsum
new file mode 100644
index 0000000..cdbd93e
--- /dev/null
+++ b/lorem.ipsum
@@ -0,0 +1,39 @@
+Lorem ipsum dolor sit amet, consectetur adipiscing elit. Cras sit amet volutpat erat. Nullam et gravida orci. Morbi metus nulla, tempus sit amet ligula nec, mollis tempus justo. Sed condimentum sagittis dui ac mattis. Integer venenatis, purus in porttitor vestibulum, lacus arcu tincidunt sem, in mollis eros ex ac quam. Mauris erat orci, tincidunt vel dignissim vel, egestas vulputate velit. Quisque convallis, dui id cursus viverra, turpis turpis facilisis justo, et mattis ante ipsum vitae quam. Nulla vel justo id urna mollis lacinia volutpat eget tortor. Pellentesque lorem erat, imperdiet id imperdiet vitae, blandit vel neque. Nunc libero ex, vulputate non lectus vel, viverra fermentum orci. Vestibulum vel odio tellus. Quisque mollis sollicitudin tincidunt. Sed ac libero ut lacus ultricies sagittis. Sed ultricies pharetra dui, sed bibendum dolor vehicula at. In cursus et urna a semper. Curabitur ullamcorper mauris quam, ut rhoncus enim tempor eu.
+
+Sed pulvinar enim nec velit elementum cursus. Nullam vulputate arcu a justo vestibulum vulputate. Integer sed nibh imperdiet, sagittis magna tincidunt, varius tellus. Donec condimentum lobortis tellus, quis mattis nulla malesuada ut. Suspendisse lacinia dui at mi tincidunt iaculis. Proin luctus ultricies tincidunt. Praesent dapibus auctor lacus, sed tempus odio commodo et. Sed mattis ac ante nec pharetra.
+
+Curabitur fringilla porttitor dolor sit amet scelerisque. Mauris id lectus eu arcu gravida pulvinar. Integer mauris lectus, efficitur eu neque eget, semper viverra eros. Sed euismod tincidunt quam, venenatis bibendum ante ultricies nec. Aliquam sit amet tortor ipsum. Sed nec dignissim ipsum. Morbi non felis ut urna congue pulvinar ac eget nisi. Praesent vehicula iaculis nunc quis interdum.
+
+Maecenas dictum libero libero, et porttitor elit ultricies pellentesque. In in bibendum lacus. Suspendisse et blandit lectus. Aenean facilisis purus hendrerit risus feugiat, sed iaculis odio convallis. Suspendisse interdum pharetra massa, eget pulvinar ipsum congue vel. Curabitur a nulla enim. Donec consectetur purus vel condimentum egestas. Aliquam neque purus, pellentesque eget nulla at, porttitor lacinia tellus. Maecenas magna sapien, lacinia vitae ultrices eget, cursus non augue. Curabitur euismod laoreet justo, vitae suscipit risus feugiat ut. Proin laoreet velit vestibulum fermentum consectetur
.
+
+Maecenas aliquet rhoncus erat, quis aliquam nisl faucibus in. Nullam venenatis efficitur massa non facilisis. Nunc tristique lectus eget vestibulum aliquam. Donec id tristique metus. Nunc pellentesque consectetur sapien ac bibendum. Proin dapibus, augue ac condimentum pharetra, lacus ipsum euismod turpis, quis malesuada eros urna vitae ipsum. Duis rhoncus nisl eget quam varius, quis vehicula nisl luctus. Phasellus vestibulum urna eget lectus lacinia mattis. Vestibulum eu nisi at eros posuere luctus ac a augue. Aliquam erat volutpat. Cras pharetra libero a volutpat interdum. Nunc mattis leo a mauris accumsan, congue mattis libero iaculis. Nulla augue nisl, blandit eu turpis vitae, lacinia pulvinar ligula. Pellentesque habitant morbi tristique senectus et netus et malesuada fames ac turpis egestas.
+
+Class aptent taciti sociosqu ad litora torquent per conubia nostra, per inceptos himenaeos. Donec risus purus, vestibulum venenatis ullamcorper non, eleifend pellentesque magna. Donec facilisis rutrum eros, sit amet viverra nul
la dapibus ac. Proin eu blandit diam. Sed malesuada feugiat imperdiet. Phasellus egestas ac neque et commodo. Donec vestibulum est tincidunt diam aliquam, vel bibendum turpis porta. Maecenas mattis id lorem ultrices rhoncus.
+
+Nulla facilisi. Duis tempor velit nec eros porta, nec pretium lorem tempus. Vivamus tincidunt ligula in eleifend ultrices. Aenean sit amet consectetur tellus. Vestibulum rhoncus neque eu ante auctor pretium. Sed mollis suscipit ipsum quis placerat. Nulla neque orci, dapibus id ornare sit amet, imperdiet a velit. Cras molestie tempor libero nec volutpat. Suspendisse quis placerat est, eu sagittis lacus. Morbi eros nisl, vestibulum ac diam ac, scelerisque lacinia neque. Maecenas efficitur elit et ipsum consequat, quis vulputate augue consectetur.
+
+Maecenas molestie ultricies ex sit amet sollicitudin. Integer facilisis, justo vitae laoreet malesuada, odio turpis consequat nunc, non ornare eros nunc congue justo. Maecenas pharetra mi at metus porta auctor. Mauris porttitor venenatis libero sit amet congue. Nullam molestie tristique consectetur. Vestibulum ante ipsum primis in faucibus orci luctus et ultrices posuere cubilia Curae; Suspendisse varius odio a quam feugiat, in maximus ipsum dictum. Sed non fringilla lacus. Sed congue ante quis arcu tempor tincidunt. Nam sed nisl ullamcorper risus varius hendrerit. Mauris sed pretium nunc, tincidunt commodo enim. In vehicula dignissim enim, pretium congue justo rutrum non. Donec dignissim elit semper, tempus mi ac, hendrerit enim.
+
+Etiam suscipit justo massa, mollis lobortis est varius ac. Proin purus sapien, varius eget neque feugiat, lobortis porta libero. Etiam felis nisl, vulputate ornare mi a, egestas suscipit lorem. Pellentesque placerat egestas vel
it id elementum. Praesent facilisis, lacus quis elementum pulvinar, nibh tellus elementum augue, vel tincidunt enim mauris eu nisi. Mauris fringilla dolor odio, et accumsan ligula condimentum at. Suspendisse luctus et mi id fermentum. Morbi pharetra erat lectus, eu dapibus nibh commodo vel. Etiam volutpat elementum sollicitudin. Nulla facilisi. Sed quis nisi erat.
+
+Integer vel tincidunt mauris, id viverra enim. Quisque eget velit tempor, imperdiet ex ut, fermentum quam. Nullam tristique ante sed interdum lacinia. Integer eu dui risus. Donec porta odio tristique ipsum interdum, sit amet vehicula sapien laoreet. Mauris luctus hendrerit nunc, ut auctor leo pulvinar vel. Phasellus in hendrerit ante. Nam nec feugiat lacus, id dictum dolor. Maecenas dignissim feugiat pharetra. Suspendisse ullamcorper interdum neque vel pharetra.
+
+Vivamus non varius erat. Pellentesque sodales diam a tristique posuere. Vestibulum dapibus lacus sed neque pretium sodales. Vestibulum lobortis eu nulla et aliquam. Aenean imperdiet ligula viverra orci vestibulum, nec lacinia risus lobortis. Curabitur consequat lorem a lectus venenatis, sit amet lobortis dui fringilla. Sed at aliquet elit. Curabitur blandit lectus turpis, volutpat rhoncus ex venenatis eu. Vestibulum vestibulum velit non nisi varius condimentum. Morbi at ligula dictum, sollicitudin sem non, volutpat erat. Mauris mattis magna ac lorem iaculis, vitae convallis erat facilisis.
+
+Sed volutpat semper mattis. Proin tempus ultrices sapien, eu viverra lectus tincidunt placerat. Praesent sed tortor non orci dignissim tincidunt. Curabitur nec rutrum diam, a tempor ligula. Duis rutrum molestie dignissim. Phase
llus at neque non ex volutpat dapibus. Cras sed porttitor odio, sit amet tincidunt tortor. Vestibulum non mauris a elit gravida egestas. Sed feugiat pellentesque feugiat. Ut ut sapien nec justo tempor consectetur eu et lorem. Morbi ut dui urna. Proin vitae posuere sapien. Mauris convallis nisi eget soda





