3.10 Repository exercises
Additional reading
https://nvie.com/posts/a-successful-git-branching-model/#incorporating-a-finished-feature-on-develop


=====


3.10.1 Branching	
REMOVE OLD git-2 references
THEN ADD git-3 references
THEN do the exercise

Create a new branch feature/create-awesome from main branch
In branch feature/create-awesome add a following line to file hello_world.py
print("Hello from feature")
Add and commit changes in feature/create-awesome
Push your changes in feature/create-awesome
Create a new branch release from feature/create-awesome branch
In branch release add the following line to file hello_world.py
print("Hello from release")
Add and commit changes in release
Push your changes in release



kaiqu@kai-aftershock MINGW64 ~
$ cd "Downloads/TUNI Git\tuni trg"

kaiqu@kai-aftershock MINGW64 ~/Downloads/TUNI Git/tuni trg (release)
$ cd tuni-git-intermediate3

kaiqu@kai-aftershock MINGW64 ~/Downloads/TUNI Git/tuni trg/tuni-git-intermediate3 (release)
$ pwd
/c/Users/kaiqu/Downloads/TUNI Git/tuni trg/tuni-git-intermediate3

kaiqu@kai-aftershock MINGW64 ~/Downloads/TUNI Git/tuni trg/tuni-git-intermediate3 (release)
$ ls
hello_world.py

kaiqu@kai-aftershock MINGW64 ~/Downloads/TUNI Git/tuni trg/tuni-git-intermediate3 (release)
$ git branch
  feature/create-awesome
  main
  master
* release

kaiqu@kai-aftershock MINGW64 ~/Downloads/TUNI Git/tuni trg/tuni-git-intermediate3 (release)
$ git remote set-url origin https://github.com/KaiquanMah/tuni-git-intermediate3.git

kaiqu@kai-aftershock MINGW64 ~/Downloads/TUNI Git/tuni trg/tuni-git-intermediate3 (release)
$ git branch
  feature/create-awesome
  main
  master
* release

kaiqu@kai-aftershock MINGW64 ~/Downloads/TUNI Git/tuni trg/tuni-git-intermediate3 (release)
$ git checkout main
error: Your local changes to the following files would be overwritten by checkout:
        hello_world.py
Please commit your changes or stash them before you switch branches.
Aborting

kaiqu@kai-aftershock MINGW64 ~/Downloads/TUNI Git/tuni trg/tuni-git-intermediate3 (release)
$ git remote remove origin

kaiqu@kai-aftershock MINGW64 ~/Downloads/TUNI Git/tuni trg/tuni-git-intermediate3 (release)
$ git branch
  feature/create-awesome
  main
  master
* release

kaiqu@kai-aftershock MINGW64 ~/Downloads/TUNI Git/tuni trg/tuni-git-intermediate3 (release)
$ git remote -v

kaiqu@kai-aftershock MINGW64 ~/Downloads/TUNI Git/tuni trg/tuni-git-intermediate3 (release)
$ git fetch --prune

kaiqu@kai-aftershock MINGW64 ~/Downloads/TUNI Git/tuni trg/tuni-git-intermediate3 (release)
$ git branch
  feature/create-awesome
  main
  master
* release

kaiqu@kai-aftershock MINGW64 ~/Downloads/TUNI Git/tuni trg/tuni-git-intermediate3 (release)
$ git fetch --all --prune

kaiqu@kai-aftershock MINGW64 ~/Downloads/TUNI Git/tuni trg/tuni-git-intermediate3 (release)
$ git branch -vv | grep ': gone]' | awk '{print $1}' | xargs git branch -d
fatal: branch name required

kaiqu@kai-aftershock MINGW64 ~/Downloads/TUNI Git/tuni trg/tuni-git-intermediate3 (release)
$ git branch
  feature/create-awesome
  main
  master
* release

kaiqu@kai-aftershock MINGW64 ~/Downloads/TUNI Git/tuni trg/tuni-git-intermediate3 (release)
$ git remote remove origin
error: No such remote: 'origin'

kaiqu@kai-aftershock MINGW64 ~/Downloads/TUNI Git/tuni trg/tuni-git-intermediate3 (release)
$ git remote -v

kaiqu@kai-aftershock MINGW64 ~/Downloads/TUNI Git/tuni trg/tuni-git-intermediate3 (release)
$ git fetch --prune

kaiqu@kai-aftershock MINGW64 ~/Downloads/TUNI Git/tuni trg/tuni-git-intermediate3 (release)
$ git branch
  feature/create-awesome
  main
  master
* release

kaiqu@kai-aftershock MINGW64 ~/Downloads/TUNI Git/tuni trg/tuni-git-intermediate3 (release)
$ git branch -vv | grep ': gone]' | awk '{print $1}' | xargs git branch -d
fatal: branch name required

kaiqu@kai-aftershock MINGW64 ~/Downloads/TUNI Git/tuni trg/tuni-git-intermediate3 (release)
$ git branch -vv | grep ': gone]' | awk '{print $1}' | xargs git branch -D
fatal: branch name required

kaiqu@kai-aftershock MINGW64 ~/Downloads/TUNI Git/tuni trg/tuni-git-intermediate3 (release)
$ git branch -a
  feature/create-awesome
  main
  master
* release

kaiqu@kai-aftershock MINGW64 ~/Downloads/TUNI Git/tuni trg/tuni-git-intermediate3 (release)
$ git branch -D main
Deleted branch main (was 5a65ea4).

kaiqu@kai-aftershock MINGW64 ~/Downloads/TUNI Git/tuni trg/tuni-git-intermediate3 (release)
$ git branch -D master
Deleted branch master (was 6720ed4).

kaiqu@kai-aftershock MINGW64 ~/Downloads/TUNI Git/tuni trg/tuni-git-intermediate3 (release)
$ git branch -D release
error: cannot delete branch 'release' used by worktree at 'C:/Users/kaiqu/Downloads/TUNI Git/tuni trg/tuni-git-intermediate3'

kaiqu@kai-aftershock MINGW64 ~/Downloads/TUNI Git/tuni trg/tuni-git-intermediate3 (release)
$ git branch -D feature/create-awesome
Deleted branch feature/create-awesome (was 768ad5a).

kaiqu@kai-aftershock MINGW64 ~/Downloads/TUNI Git/tuni trg/tuni-git-intermediate3 (release)
$ git branch
* release

kaiqu@kai-aftershock MINGW64 ~/Downloads/TUNI Git/tuni trg/tuni-git-intermediate3 (release)
$ git branch -D release
error: cannot delete branch 'release' used by worktree at 'C:/Users/kaiqu/Downloads/TUNI Git/tuni trg/tuni-git-intermediate3'

kaiqu@kai-aftershock MINGW64 ~/Downloads/TUNI Git/tuni trg/tuni-git-intermediate3 (release)
$ git worktree remove 'C:/Users/kaiqu/Downloads/TUNI Git/tuni trg/tuni-git-intermediate3'
fatal: 'C:/Users/kaiqu/Downloads/TUNI Git/tuni trg/tuni-git-intermediate3' is a main working tree

kaiqu@kai-aftershock MINGW64 ~/Downloads/TUNI Git/tuni trg/tuni-git-intermediate3 (release)
$ git worktree remove -f 'C:/Users/kaiqu/Downloads/TUNI Git/tuni trg/tuni-git-intermediate3'
fatal: 'C:/Users/kaiqu/Downloads/TUNI Git/tuni trg/tuni-git-intermediate3' is a main working tree

kaiqu@kai-aftershock MINGW64 ~/Downloads/TUNI Git/tuni trg/tuni-git-intermediate3 (release)
$ git remote add origin https://github.com/KaiquanMah/tuni-git-intermediate3

kaiqu@kai-aftershock MINGW64 ~/Downloads/TUNI Git/tuni trg/tuni-git-intermediate3 (release)
$ git branch
* release

kaiqu@kai-aftershock MINGW64 ~/Downloads/TUNI Git/tuni trg/tuni-git-intermediate3 (release)
$ git init
Reinitialized existing Git repository in C:/Users/kaiqu/Downloads/TUNI Git/tuni trg/tuni-git-intermediate3/.git/

kaiqu@kai-aftershock MINGW64 ~/Downloads/TUNI Git/tuni trg/tuni-git-intermediate3 (release)
$ git branch
* release

kaiqu@kai-aftershock MINGW64 ~/Downloads/TUNI Git/tuni trg/tuni-git-intermediate3 (release)
$ git branch -D release
error: cannot delete branch 'release' used by worktree at 'C:/Users/kaiqu/Downloads/TUNI Git/tuni trg/tuni-git-intermediate3'

kaiqu@kai-aftershock MINGW64 ~/Downloads/TUNI Git/tuni trg/tuni-git-intermediate3 (release)
$ git remote -v
origin  https://github.com/KaiquanMah/tuni-git-intermediate3 (fetch)
origin  https://github.com/KaiquanMah/tuni-git-intermediate3 (push)

kaiqu@kai-aftershock MINGW64 ~/Downloads/TUNI Git/tuni trg/tuni-git-intermediate3 (release)
$ git checkout release
M       hello_world.py
Already on 'release'

kaiqu@kai-aftershock MINGW64 ~/Downloads/TUNI Git/tuni trg/tuni-git-intermediate3 (release)
$ git branch -m main

kaiqu@kai-aftershock MINGW64 ~/Downloads/TUNI Git/tuni trg/tuni-git-intermediate3 (main)
$ git branch
* main

kaiqu@kai-aftershock MINGW64 ~/Downloads/TUNI Git/tuni trg/tuni-git-intermediate3 (main)
$ git push -u origin main
Enumerating objects: 16, done.
Counting objects: 100% (16/16), done.
Delta compression using up to 8 threads
Compressing objects: 100% (8/8), done.
Writing objects: 100% (16/16), 2.12 KiB | 361.00 KiB/s, done.
Total 16 (delta 0), reused 0 (delta 0), pack-reused 0 (from 0)
To https://github.com/KaiquanMah/tuni-git-intermediate3
 * [new branch]      main -> main
branch 'main' set up to track 'origin/main'.

kaiqu@kai-aftershock MINGW64 ~/Downloads/TUNI Git/tuni trg/tuni-git-intermediate3 (main)
$ git pull origin main
remote: Enumerating objects: 5, done.
remote: Counting objects: 100% (5/5), done.
remote: Compressing objects: 100% (1/1), done.
remote: Total 3 (delta 0), reused 2 (delta 0), pack-reused 0 (from 0)
Unpacking objects: 100% (3/3), 922 bytes | 307.00 KiB/s, done.
From https://github.com/KaiquanMah/tuni-git-intermediate3
 * branch            main       -> FETCH_HEAD
   1b028f4..7467db6  main       -> origin/main
Updating 1b028f4..7467db6
error: Your local changes to the following files would be overwritten by merge:
        hello_world.py
Please commit your changes or stash them before you merge.
Aborting

kaiqu@kai-aftershock MINGW64 ~/Downloads/TUNI Git/tuni trg/tuni-git-intermediate3 (main)
$ git fetch origin

kaiqu@kai-aftershock MINGW64 ~/Downloads/TUNI Git/tuni trg/tuni-git-intermediate3 (main)
$ git reset --hard origin/main
HEAD is now at 7467db6 Update hello_world.py

kaiqu@kai-aftershock MINGW64 ~/Downloads/TUNI Git/tuni trg/tuni-git-intermediate3 (main)
$ cat hello_world.py
print("Hello world!")

kaiqu@kai-aftershock MINGW64 ~/Downloads/TUNI Git/tuni trg/tuni-git-intermediate3 (main)
$ git checkout -b feature/create-awesome main
Switched to a new branch 'feature/create-awesome'

kaiqu@kai-aftershock MINGW64 ~/Downloads/TUNI Git/tuni trg/tuni-git-intermediate3 (feature/create-awesome)
$ echo 'print("Hello from feature")' >> hello_world.py

kaiqu@kai-aftershock MINGW64 ~/Downloads/TUNI Git/tuni trg/tuni-git-intermediate3 (feature/create-awesome)
$ cat hello_world.py
print("Hello world!")
print("Hello from feature")

kaiqu@kai-aftershock MINGW64 ~/Downloads/TUNI Git/tuni trg/tuni-git-intermediate3 (feature/create-awesome)
$ git add hello_world.py
git commit -m "Add feature message to hello_world.py"
warning: in the working copy of 'hello_world.py', LF will be replaced by CRLF the next time Git touches it
[feature/create-awesome 3215e2f] Add feature message to hello_world.py
 1 file changed, 1 insertion(+)

kaiqu@kai-aftershock MINGW64 ~/Downloads/TUNI Git/tuni trg/tuni-git-intermediate3 (feature/create-awesome)
$ git push -u origin feature/create-awesome
Enumerating objects: 5, done.
Counting objects: 100% (5/5), done.
Delta compression using up to 8 threads
Compressing objects: 100% (2/2), done.
Writing objects: 100% (3/3), 301 bytes | 301.00 KiB/s, done.
Total 3 (delta 0), reused 0 (delta 0), pack-reused 0 (from 0)
remote:
remote: Create a pull request for 'feature/create-awesome' on GitHub by visiting:
remote:      https://github.com/KaiquanMah/tuni-git-intermediate3/pull/new/feature/create-awesome
remote:
To https://github.com/KaiquanMah/tuni-git-intermediate3
 * [new branch]      feature/create-awesome -> feature/create-awesome
branch 'feature/create-awesome' set up to track 'origin/feature/create-awesome'.

kaiqu@kai-aftershock MINGW64 ~/Downloads/TUNI Git/tuni trg/tuni-git-intermediate3 (feature/create-awesome)
$ git checkout -b release feature/create-awesome
Switched to a new branch 'release'

kaiqu@kai-aftershock MINGW64 ~/Downloads/TUNI Git/tuni trg/tuni-git-intermediate3 (release)
$ echo 'print("Hello from release")' >> hello_world.py

kaiqu@kai-aftershock MINGW64 ~/Downloads/TUNI Git/tuni trg/tuni-git-intermediate3 (release)
$ cat hello_world.py
print("Hello world!")
print("Hello from feature")
print("Hello from release")

kaiqu@kai-aftershock MINGW64 ~/Downloads/TUNI Git/tuni trg/tuni-git-intermediate3 (release)
$ git add hello_world.py
git commit -m "Add release message to hello_world.py"
warning: in the working copy of 'hello_world.py', LF will be replaced by CRLF the next time Git touches it
[release f676cab] Add release message to hello_world.py
 1 file changed, 1 insertion(+)

kaiqu@kai-aftershock MINGW64 ~/Downloads/TUNI Git/tuni trg/tuni-git-intermediate3 (release)
$ git push -u origin release
Enumerating objects: 5, done.
Counting objects: 100% (5/5), done.
Delta compression using up to 8 threads
Compressing objects: 100% (2/2), done.
Writing objects: 100% (3/3), 312 bytes | 312.00 KiB/s, done.
Total 3 (delta 0), reused 0 (delta 0), pack-reused 0 (from 0)
remote:
remote: Create a pull request for 'release' on GitHub by visiting:
remote:      https://github.com/KaiquanMah/tuni-git-intermediate3/pull/new/release
remote:
To https://github.com/KaiquanMah/tuni-git-intermediate3
 * [new branch]      release -> release
branch 'release' set up to track 'origin/release'.


=============

3.10.2 Normal merge	intermediate

Normal merge
Initializing a repository
Add a new remote repository for your repository https://course-gitlab.tuni.fi/git-course/intermediate-normal-merge.git
Fetch the history from the remote repository and merge it to yours. You might have to use --allow-unrelated-histories flag
Exercise
Merge branch feature/add-logging to main. Merge message should be:

Merge branch 'feature/add-logging'
Push your updated main






kaiqu@kai-aftershock MINGW64 ~/Downloads/TUNI Git/tuni trg/tuni-git-intermediate3 (release)
$ git remote add origin https://course-gitlab.tuni.fi/git-course/intermediate-normal-merge.git
error: remote origin already exists.

kaiqu@kai-aftershock MINGW64 ~/Downloads/TUNI Git/tuni trg/tuni-git-intermediate3 (release)
$ git remote add upstream https://course-gitlab.tuni.fi/git-course/intermediate-normal-merge.git




kaiqu@kai-aftershock MINGW64 ~/Downloads/TUNI Git/tuni trg/tuni-git-intermediate3 (release)
$ git branch
  feature/create-awesome
  main
* release

kaiqu@kai-aftershock MINGW64 ~/Downloads/TUNI Git/tuni trg/tuni-git-intermediate3 (release)
$ git branch main
fatal: a branch named 'main' already exists

kaiqu@kai-aftershock MINGW64 ~/Downloads/TUNI Git/tuni trg/tuni-git-intermediate3 (release)
$ git checkout main
Switched to branch 'main'
Your branch is up to date with 'origin/main'.







kaiqu@kai-aftershock MINGW64 ~/Downloads/TUNI Git/tuni trg/tuni-git-intermediate3 (main)
$ git fetch upstream
remote: Enumerating objects: 12, done.
remote: Total 12 (delta 0), reused 0 (delta 0), pack-reused 12 (from 1)
Unpacking objects: 100% (12/12), 994 bytes | 36.00 KiB/s, done.
From https://course-gitlab.tuni.fi/git-course/intermediate-normal-merge
 * [new branch]      feature/add-logging    -> upstream/feature/add-logging
 * [new branch]      feature/create-awesome -> upstream/feature/create-awesome
 * [new branch]      master                 -> upstream/master

kaiqu@kai-aftershock MINGW64 ~/Downloads/TUNI Git/tuni trg/tuni-git-intermediate3 (main)
$ git merge upstream/main --allow-unrelated-histories
merge: upstream/main - not something we can merge


kaiqu@kai-aftershock MINGW64 ~/Downloads/TUNI Git/tuni trg/tuni-git-intermediate3 (main)
$ git branch -r
  origin/feature/create-awesome
  origin/main
  origin/release
  upstream/feature/add-logging
  upstream/feature/create-awesome
  upstream/master

kaiqu@kai-aftershock MINGW64 ~/Downloads/TUNI Git/tuni trg/tuni-git-intermediate3 (main)
$ git checkout main
Already on 'main'
Your branch is up to date with 'origin/main'.

kaiqu@kai-aftershock MINGW64 ~/Downloads/TUNI Git/tuni trg/tuni-git-intermediate3 (main)
$ git merge upstream/feature/add-logging -m "Merge branch 'feature/add-logging'"
fatal: refusing to merge unrelated histories

kaiqu@kai-aftershock MINGW64 ~/Downloads/TUNI Git/tuni trg/tuni-git-intermediate3 (main)
$ git merge upstream/feature/add-logging -m "Merge branch 'feature/add-logging'" --allow-unrelated-histories
Auto-merging hello_world.py
CONFLICT (add/add): Merge conflict in hello_world.py
Automatic merge failed; fix conflicts and then commit the result.

kaiqu@kai-aftershock MINGW64 ~/Downloads/TUNI Git/tuni trg/tuni-git-intermediate3 (main|MERGING)
$ cat hello_world.py
print("Hello world!")
<<<<<<< HEAD
=======
print("Hello once again")
>>>>>>> upstream/feature/add-logging

kaiqu@kai-aftershock MINGW64 ~/Downloads/TUNI Git/tuni trg/tuni-git-intermediate3 (main|MERGING)
$ nano hello_world.py

kaiqu@kai-aftershock MINGW64 ~/Downloads/TUNI Git/tuni trg/tuni-git-intermediate3 (main|MERGING)
$ git add hello_world.py

kaiqu@kai-aftershock MINGW64 ~/Downloads/TUNI Git/tuni trg/tuni-git-intermediate3 (main|MERGING)
$ git commit -m "Merge branch 'feature/add-logging'"
[main bc1b722] Merge branch 'feature/add-logging'

kaiqu@kai-aftershock MINGW64 ~/Downloads/TUNI Git/tuni trg/tuni-git-intermediate3 (main)
$ git push origin main
Enumerating objects: 12, done.
Counting objects: 100% (12/12), done.
Delta compression using up to 8 threads
Compressing objects: 100% (7/7), done.
Writing objects: 100% (10/10), 1.03 KiB | 351.00 KiB/s, done.
Total 10 (delta 0), reused 0 (delta 0), pack-reused 0 (from 0)
To https://github.com/KaiquanMah/tuni-git-intermediate3
   7467db6..bc1b722  main -> main

kaiqu@kai-aftershock MINGW64 ~/Downloads/TUNI Git/tuni trg/tuni-git-intermediate3 (main)





=============


3.10.3 Merge conflict


Solving merge conflicts
Initializing a repository
Add a new remote repository for your repository https://course-gitlab.tuni.fi/git-course/intermediate-merge-conflict.git
Fetch the history from the remote repository and merge it to yours. You might have to use --allow-unrelated-histories flag
Exercise
The repository contains one file hello_world.py. File has been changed in both main and in feature/modify-print. Changes have affected the same lines so automatic merge is not possible. You have to get both changes to your main:

Change in `main` to hello_world.py line 2

Change in `feature/modify-print` to hello_world.py line 3

Merge commit message should be "Fix merge conflicts"
Finally push your main to your remote repository.






kaiqu@kai-aftershock MINGW64 ~/Downloads/TUNI Git/tuni trg/tuni-git-intermediate3 (main)
$ pwd
/c/Users/kaiqu/Downloads/TUNI Git/tuni trg/tuni-git-intermediate3

kaiqu@kai-aftershock MINGW64 ~/Downloads/TUNI Git/tuni trg/tuni-git-intermediate3 (main)
$ ls
hello_world.py  second.py







kaiqu@kai-aftershock MINGW64 ~/Downloads/TUNI Git/tuni trg/tuni-git-intermediate3 (main)
$ git branch
  feature/create-awesome
* main
  release

kaiqu@kai-aftershock MINGW64 ~/Downloads/TUNI Git/tuni trg/tuni-git-intermediate3 (main)
$ git remote add upstream https://course-gitlab.tuni.fi/git-course/intermediate-merge-conflict.git
error: remote upstream already exists.

kaiqu@kai-aftershock MINGW64 ~/Downloads/TUNI Git/tuni trg/tuni-git-intermediate3 (main)
$ git remote add upstream2 https://course-gitlab.tuni.fi/git-course/intermediate-merge-conflict.git

kaiqu@kai-aftershock MINGW64 ~/Downloads/TUNI Git/tuni trg/tuni-git-intermediate3 (main)
$ git fetch upstream2
remote: Enumerating objects: 9, done.
remote: Total 9 (delta 0), reused 0 (delta 0), pack-reused 9 (from 1)
Unpacking objects: 100% (9/9), 708 bytes | 30.00 KiB/s, done.
From https://course-gitlab.tuni.fi/git-course/intermediate-merge-conflict
 * [new branch]      feature/modify-print -> upstream2/feature/modify-print
 * [new branch]      master               -> upstream2/master








kaiqu@kai-aftershock MINGW64 ~/Downloads/TUNI Git/tuni trg/tuni-git-intermediate3 (main)
$ git branch
  feature/create-awesome
* main
  release

kaiqu@kai-aftershock MINGW64 ~/Downloads/TUNI Git/tuni trg/tuni-git-intermediate3 (main)
$ git checkout main
Already on 'main'
Your branch is up to date with 'origin/main'.








kaiqu@kai-aftershock MINGW64 ~/Downloads/TUNI Git/tuni trg/tuni-git-intermediate3 (main)
$ git branch -r
  origin/feature/create-awesome
  origin/main
  origin/release
  upstream/feature/add-logging
  upstream/feature/create-awesome
  upstream/master
  upstream2/feature/modify-print
  upstream2/master

kaiqu@kai-aftershock MINGW64 ~/Downloads/TUNI Git/tuni trg/tuni-git-intermediate3 (main)
$ git merge upstream2/master --allow-unrelated-histories
Auto-merging hello_world.py
CONFLICT (add/add): Merge conflict in hello_world.py
Automatic merge failed; fix conflicts and then commit the result.

kaiqu@kai-aftershock MINGW64 ~/Downloads/TUNI Git/tuni trg/tuni-git-intermediate3 (main|MERGING)
$ nano hello_world.py

kaiqu@kai-aftershock MINGW64 ~/Downloads/TUNI Git/tuni trg/tuni-git-intermediate3 (main|MERGING)
$ cat hello_world.py
print("Hello world!")
print("Hello once again")
print("Hello darkness my old friend")

kaiqu@kai-aftershock MINGW64 ~/Downloads/TUNI Git/tuni trg/tuni-git-intermediate3 (main|MERGING)
$ git add hello_world.py

kaiqu@kai-aftershock MINGW64 ~/Downloads/TUNI Git/tuni trg/tuni-git-intermediate3 (main|MERGING)
$ git commit -m "Fix merge conflicts"
[main 1532328] Fix merge conflicts

kaiqu@kai-aftershock MINGW64 ~/Downloads/TUNI Git/tuni trg/tuni-git-intermediate3 (main)
$ git push origin main
Enumerating objects: 11, done.
Counting objects: 100% (11/11), done.
Delta compression using up to 8 threads
Compressing objects: 100% (6/6), done.
Writing objects: 100% (9/9), 806 bytes | 403.00 KiB/s, done.
Total 9 (delta 1), reused 0 (delta 0), pack-reused 0 (from 0)
remote: Resolving deltas: 100% (1/1), done.
To https://github.com/KaiquanMah/tuni-git-intermediate3
   bc1b722..1532328  main -> main









kaiqu@kai-aftershock MINGW64 ~/Downloads/TUNI Git/tuni trg/tuni-git-intermediate3 (main)
$ git branch -r
  origin/feature/create-awesome
  origin/main
  origin/release
  upstream/feature/add-logging
  upstream/feature/create-awesome
  upstream/master
  upstream2/feature/modify-print
  upstream2/master

kaiqu@kai-aftershock MINGW64 ~/Downloads/TUNI Git/tuni trg/tuni-git-intermediate3 (main)
$ git merge upstream2/feature/modify-print --allow-unrelated-histories
Auto-merging hello_world.py
CONFLICT (content): Merge conflict in hello_world.py
Automatic merge failed; fix conflicts and then commit the result.

kaiqu@kai-aftershock MINGW64 ~/Downloads/TUNI Git/tuni trg/tuni-git-intermediate3 (main|MERGING)
$ nano hello_world.py

kaiqu@kai-aftershock MINGW64 ~/Downloads/TUNI Git/tuni trg/tuni-git-intermediate3 (main|MERGING)
$ git commit -m "Fix merge conflicts"
U       hello_world.py
error: Committing is not possible because you have unmerged files.
hint: Fix them up in the work tree, and then use 'git add/rm <file>'
hint: as appropriate to mark resolution and make a commit.
fatal: Exiting because of an unresolved conflict.

kaiqu@kai-aftershock MINGW64 ~/Downloads/TUNI Git/tuni trg/tuni-git-intermediate3 (main|MERGING)
$ cat hello_world.py
print("Hello world!")
print("Hello darkness my old friend")
print("I've come to talk with you again")


kaiqu@kai-aftershock MINGW64 ~/Downloads/TUNI Git/tuni trg/tuni-git-intermediate3 (main|MERGING)
$ git add hello_world.py

kaiqu@kai-aftershock MINGW64 ~/Downloads/TUNI Git/tuni trg/tuni-git-intermediate3 (main|MERGING)
$ git commit -m "Fix merge conflicts"
[main 1d7946d] Fix merge conflicts

kaiqu@kai-aftershock MINGW64 ~/Downloads/TUNI Git/tuni trg/tuni-git-intermediate3 (main)
$ git push origin main
Enumerating objects: 10, done.
Counting objects: 100% (10/10), done.
Delta compression using up to 8 threads
Compressing objects: 100% (5/5), done.
Writing objects: 100% (6/6), 667 bytes | 333.00 KiB/s, done.
Total 6 (delta 0), reused 0 (delta 0), pack-reused 0 (from 0)
To https://github.com/KaiquanMah/tuni-git-intermediate3
   1532328..1d7946d  main -> main









================

git log

Navigation in Log Output
Scroll: ↑/↓ arrows or j/k keys.
Page Up/Down: Space (down) or b (up).
Quit: Press q.



kaiqu@kai-aftershock MINGW64 ~/Downloads/TUNI Git/tuni trg/tuni-git-intermediate3 (main)
$ git log
commit 1d7946db8fd5a1efbca87d8b2ede4f3a3c69b490 (HEAD -> main, origin/main)
Merge: 1532328 4b979ae
Author: kaiquanmah <kaiquanmah@git.com>
Date:   Mon Feb 3 10:53:41 2025 +0800

    Fix merge conflicts

commit 1532328a8d686b04ddb1840125896ba324454ad9
Merge: bc1b722 380b3e6
Author: kaiquanmah <kaiquanmah@git.com>
Date:   Mon Feb 3 10:50:45 2025 +0800

    Fix merge conflicts

commit bc1b7225ff3c5bfd27abe6cb636a61a163297793
Merge: 7467db6 d67b3c0
Author: kaiquanmah <kaiquanmah@git.com>
Date:   Sun Feb 2 18:57:24 2025 +0800

    Merge branch 'feature/add-logging'

commit 7467db655418e1b08447c289a0dcb1d2fa05ded2
Author: KaiquanMah <7814298+KaiquanMah@users.noreply.github.com>
Date:   Sun Feb 2 17:57:37 2025 +0800

    Update hello_world.py

commit 1b028f4bfc19f90bb2a519e1f594d1e26a6e87b6
Merge: f090317 fee8723
Author: kaiquanmah <kaiquanmah@git.com>
Date:   Sun Feb 2 17:44:14 2025 +0800

    Resolve merge conflict in hello_world.py

commit f090317f0e341eec9f5284ef94c41b97593f0e33
Author: kaiquanmah <kaiquanmah@git.com>
Date:   Sun Feb 2 17:42:06 2025 +0800

    Update hello_world.py in release branch

commit fee872377351eae379fa59ab748d8e71144d0e15
Author: KaiquanMah <7814298+KaiquanMah@users.noreply.github.com>
Date:   Sun Feb 2 17:25:12 2025 +0800

    Update hello_world.py

commit d65df32fa72b9803df7648ce3f50435293564a2f
Author: kaiquanmah <kaiquanmah@git.com>
Date:   Sun Feb 2 17:23:38 2025 +0800

    Add release message to hello_world.py

commit 7425c03bdb2f57a096ca402797b7dae9f6a35d15
Author: kaiquanmah <kaiquanmah@git.com>
Date:   Sun Feb 2 17:22:39 2025 +0800

    Add feature message to hello_world.py

commit 6720ed4a5bc8ae5047887d472f645454b9261487
Author: kaiquanmah <kaiquanmah@git.com>
Date:   Sun Feb 2 17:20:07 2025 +0800
commit 1d7946db8fd5a1efbca87d8b2ede4f3a3c69b490 (HEAD -> main, origin/main)
Merge: 1532328 4b979ae
Author: kaiquanmah <kaiquanmah@git.com>
Date:   Mon Feb 3 10:53:41 2025 +0800

    Fix merge conflicts

commit 1532328a8d686b04ddb1840125896ba324454ad9
Merge: bc1b722 380b3e6
Author: kaiquanmah <kaiquanmah@git.com>
Date:   Mon Feb 3 10:50:45 2025 +0800

    Fix merge conflicts

commit bc1b7225ff3c5bfd27abe6cb636a61a163297793
Merge: 7467db6 d67b3c0
Author: kaiquanmah <kaiquanmah@git.com>
Date:   Sun Feb 2 18:57:24 2025 +0800

    Merge branch 'feature/add-logging'

commit 7467db655418e1b08447c289a0dcb1d2fa05ded2
Author: KaiquanMah <7814298+KaiquanMah@users.noreply.github.com>
Date:   Sun Feb 2 17:57:37 2025 +0800

    Update hello_world.py

commit 1b028f4bfc19f90bb2a519e1f594d1e26a6e87b6
Merge: f090317 fee8723
Author: kaiquanmah <kaiquanmah@git.com>
Date:   Sun Feb 2 17:44:14 2025 +0800

    Resolve merge conflict in hello_world.py

commit f090317f0e341eec9f5284ef94c41b97593f0e33
Author: kaiquanmah <kaiquanmah@git.com>
Date:   Sun Feb 2 17:42:06 2025 +0800

    Update hello_world.py in release branch

commit fee872377351eae379fa59ab748d8e71144d0e15
Author: KaiquanMah <7814298+KaiquanMah@users.noreply.github.com>
Date:   Sun Feb 2 17:25:12 2025 +0800

    Update hello_world.py

commit d65df32fa72b9803df7648ce3f50435293564a2f
Author: kaiquanmah <kaiquanmah@git.com>
Date:   Sun Feb 2 17:23:38 2025 +0800

    Add release message to hello_world.py

commit 7425c03bdb2f57a096ca402797b7dae9f6a35d15
Author: kaiquanmah <kaiquanmah@git.com>
Date:   Sun Feb 2 17:22:39 2025 +0800

    Add feature message to hello_world.py

commit 6720ed4a5bc8ae5047887d472f645454b9261487
Author: kaiquanmah <kaiquanmah@git.com>
Date:   Sun Feb 2 17:20:07 2025 +0800
commit 1d7946db8fd5a1efbca87d8b2ede4f3a3c69b490 (HEAD -> main, origin/main)
Merge: 1532328 4b979ae
Author: kaiquanmah <kaiquanmah@git.com>
Date:   Mon Feb 3 10:53:41 2025 +0800

    Fix merge conflicts

commit 1532328a8d686b04ddb1840125896ba324454ad9
Merge: bc1b722 380b3e6
Author: kaiquanmah <kaiquanmah@git.com>
Date:   Mon Feb 3 10:50:45 2025 +0800

    Fix merge conflicts

commit bc1b7225ff3c5bfd27abe6cb636a61a163297793
Merge: 7467db6 d67b3c0
Author: kaiquanmah <kaiquanmah@git.com>
Date:   Sun Feb 2 18:57:24 2025 +0800

    Merge branch 'feature/add-logging'

commit 7467db655418e1b08447c289a0dcb1d2fa05ded2
Author: KaiquanMah <7814298+KaiquanMah@users.noreply.github.com>
Date:   Sun Feb 2 17:57:37 2025 +0800

    Update hello_world.py

commit 1b028f4bfc19f90bb2a519e1f594d1e26a6e87b6
Merge: f090317 fee8723
Author: kaiquanmah <kaiquanmah@git.com>
Date:   Sun Feb 2 17:44:14 2025 +0800

    Resolve merge conflict in hello_world.py

commit f090317f0e341eec9f5284ef94c41b97593f0e33
Author: kaiquanmah <kaiquanmah@git.com>
Date:   Sun Feb 2 17:42:06 2025 +0800

    Update hello_world.py in release branch

commit fee872377351eae379fa59ab748d8e71144d0e15
Author: KaiquanMah <7814298+KaiquanMah@users.noreply.github.com>
Date:   Sun Feb 2 17:25:12 2025 +0800

    Update hello_world.py

commit d65df32fa72b9803df7648ce3f50435293564a2f
Author: kaiquanmah <kaiquanmah@git.com>
Date:   Sun Feb 2 17:23:38 2025 +0800

    Add release message to hello_world.py

commit 7425c03bdb2f57a096ca402797b7dae9f6a35d15
Author: kaiquanmah <kaiquanmah@git.com>
Date:   Sun Feb 2 17:22:39 2025 +0800

    Add feature message to hello_world.py

commit 6720ed4a5bc8ae5047887d472f645454b9261487
Author: kaiquanmah <kaiquanmah@git.com>
Date:   Sun Feb 2 17:20:07 2025 +0800

    clone initial working

commit d67b3c03b79dac9d7aff6075d461aab24bdfe673 (upstream/feature/add-logging)
Author: Mikko Luhtasaari <mikko.luhtasaari@tuni.fi>
Date:   Mon May 11 10:41:35 2020 +0300

    Add logging

commit b23547b242012497282910300f6e6c1d5a27df82 (upstream/master)
Author: Mikko <mikko.luhtasaari@tuni.fi>
Date:   Fri Jan 17 09:45:03 2020 +0200

    Create a second file

commit af0e42a1ac84e9606a79be228f5f797bbdec719e
Author: Mikko <mikko.luhtasaari@tuni.fi>
Date:   Fri Jan 17 09:43:31 2020 +0200

    Initial commit

commit 380b3e6c7b69204e182e6ab09da42426fb333590 (upstream2/master)
Author: Mikko <mikko.luhtasaari@tuni.fi>
Date:   Wed Jan 15 12:42:52 2020 +0200

    Add print in master

commit 4b979ae34699753fcd3b3b32d3a43a4d83cbff0f (upstream2/feature/modify-print)
Author: Mikko <mikko.luhtasaari@tuni.fi>
Date:   Wed Jan 15 12:42:15 2020 +0200

    Modify print

commit 29aab2932b273ee7f3a6fcab300cc89d9b57dc51
Author: Mikko <mikko.luhtasaari@tuni.fi>
Date:   Wed Jan 15 12:40:10 2020 +0200

    Initial commit
